// Vitest Snapshot v1, https://vitest.dev/guide/snapshot.html

exports[`Test fetchRostersFromYahoo > Test Players 1`] = `
{
  "422.l.90351.t.1": [
    {
      "eligible_positions": [
        "OF",
        "Util",
      ],
      "injury_status": "Healthy",
      "is_editable": false,
      "is_playing": true,
      "is_starting": "N/A",
      "is_undroppable": false,
      "ownership": {
        "ownership_type": "freeagents",
      },
      "percent_owned": 7,
      "percent_owned_delta": 23,
      "percent_started": 6,
      "player_key": "422.p.12589",
      "player_name": "Joey Wiemer",
      "ranks": {
        "last14Days": 8,
        "last30Days": 275,
        "last4Weeks": -1,
        "next4Weeks": -1,
        "next7Days": 838,
        "projectedWeek": -1,
        "restOfSeason": 1420,
      },
      "selected_position": null,
    },
    {
      "eligible_positions": [
        "RP",
        "P",
      ],
      "injury_status": "Healthy",
      "is_editable": false,
      "is_playing": true,
      "is_starting": "N/A",
      "is_undroppable": false,
      "ownership": {
        "ownership_type": "freeagents",
      },
      "percent_owned": 1,
      "percent_owned_delta": 4,
      "percent_started": 1,
      "player_key": "422.p.10264",
      "player_name": "Chris Devenski",
      "ranks": {
        "last14Days": 14,
        "last30Days": 13,
        "last4Weeks": -1,
        "next4Weeks": -1,
        "next7Days": 551,
        "projectedWeek": -1,
        "restOfSeason": 631,
      },
      "selected_position": null,
    },
    {
      "eligible_positions": [
        "OF",
        "Util",
      ],
      "injury_status": "Healthy",
      "is_editable": false,
      "is_playing": true,
      "is_starting": "N/A",
      "is_undroppable": false,
      "ownership": {
        "ownership_type": "freeagents",
      },
      "percent_owned": null,
      "percent_owned_delta": 2,
      "percent_started": null,
      "player_key": "422.p.9842",
      "player_name": "Tommy Pham",
      "ranks": {
        "last14Days": 16,
        "last30Days": 350,
        "last4Weeks": -1,
        "next4Weeks": -1,
        "next7Days": 992,
        "projectedWeek": -1,
        "restOfSeason": 1131,
      },
      "selected_position": null,
    },
    {
      "eligible_positions": [
        "OF",
        "Util",
      ],
      "injury_status": "Healthy",
      "is_editable": false,
      "is_playing": true,
      "is_starting": "N/A",
      "is_undroppable": false,
      "ownership": {
        "ownership_type": "freeagents",
      },
      "percent_owned": 1,
      "percent_owned_delta": 4,
      "percent_started": 1,
      "player_key": "422.p.12703",
      "player_name": "Will Brennan",
      "ranks": {
        "last14Days": 19,
        "last30Days": 204,
        "last4Weeks": -1,
        "next4Weeks": -1,
        "next7Days": 774,
        "projectedWeek": -1,
        "restOfSeason": 1218,
      },
      "selected_position": null,
    },
    {
      "eligible_positions": [
        "RP",
        "P",
      ],
      "injury_status": "Healthy",
      "is_editable": false,
      "is_playing": true,
      "is_starting": "N/A",
      "is_undroppable": false,
      "ownership": {
        "ownership_type": "freeagents",
      },
      "percent_owned": null,
      "percent_owned_delta": 0,
        "ownership": null,
      "percent_started": null,
      "player_key": "422.p.12203",
      "player_name": "Griffin Jax",
      "ranks": {
        "last14Days": 22,
        "last30Days": 390,
        "last4Weeks": -1,
        "next4Weeks": -1,
        "next7Days": 621,
        "projectedWeek": -1,
        "restOfSeason": 852,
      },
      "selected_position": null,
    },
    {
      "eligible_positions": [
        "RP",
        "P",
      ],
      "injury_status": "Healthy",
      "is_editable": false,
      "is_playing": true,
      "is_starting": "N/A",
      "is_undroppable": false,
      "ownership": {
        "ownership_type": "freeagents",
      },
      "percent_owned": null,
      "percent_owned_delta": 0,
        "ownership": null,
      "percent_started": null,
      "player_key": "422.p.11214",
      "player_name": "Josh Sborz",
      "ranks": {
        "last14Days": 24,
        "last30Days": 302,
        "last4Weeks": -1,
        "next4Weeks": -1,
        "next7Days": 554,
        "projectedWeek": -1,
        "restOfSeason": 745,
      },
      "selected_position": null,
    },
    {
      "eligible_positions": [
        "RP",
        "P",
      ],
      "injury_status": "Healthy",
      "is_editable": false,
      "is_playing": true,
      "is_starting": "N/A",
      "is_undroppable": false,
      "ownership": {
        "ownership_type": "freeagents",
      },
      "percent_owned": 5,
      "percent_owned_delta": 4,
      "percent_started": 5,
      "player_key": "422.p.11236",
      "player_name": "Erik Swanson",
      "ranks": {
        "last14Days": 27,
        "last30Days": 323,
        "last4Weeks": -1,
        "next4Weeks": -1,
        "next7Days": 472,
        "projectedWeek": -1,
        "restOfSeason": 290,
      },
      "selected_position": null,
    },
    {
      "eligible_positions": [
        "SP",
        "P",
      ],
      "injury_status": "Healthy",
      "is_editable": false,
      "is_playing": true,
      "is_starting": "N/A",
      "is_undroppable": false,
      "ownership": {
        "ownership_type": "freeagents",
      },
      "percent_owned": null,
      "percent_owned_delta": 0,
        "ownership": null,
      "percent_started": null,
      "player_key": "422.p.11663",
      "player_name": "Angel Perdomo",
      "ranks": {
        "last14Days": 28,
        "last30Days": 49,
        "last4Weeks": -1,
        "next4Weeks": -1,
        "next7Days": 438,
        "projectedWeek": -1,
        "restOfSeason": 528,
      },
      "selected_position": null,
    },
    {
      "eligible_positions": [
        "OF",
        "Util",
      ],
      "injury_status": "Healthy",
      "is_editable": false,
      "is_playing": true,
      "is_starting": "N/A",
      "is_undroppable": false,
      "ownership": {
        "ownership_type": "freeagents",
      },
      "ownership": null,
        "percent_owned": 1,
        "percent_owned_delta": 0,
      "percent_started": 1,
      "player_key": "422.p.11124",
      "player_name": "Ramón Laureano",
      "ranks": {
        "last14Days": 33,
        "last30Days": 388,
        "last4Weeks": -1,
        "next4Weeks": -1,
        "next7Days": 722,
        "projectedWeek": -1,
        "restOfSeason": 1192,
      },
      "selected_position": null,
    },
    {
      "eligible_positions": [
        "RP",
        "P",
      ],
      "injury_status": "Healthy",
      "is_editable": false,
      "is_playing": true,
      "is_starting": "N/A",
      "is_undroppable": false,
      "ownership": {
        "ownership_type": "freeagents",
      },
      "percent_owned": 1,
      "percent_owned_delta": 3,
      "percent_started": 1,
      "player_key": "422.p.12274",
      "player_name": "Dauri Moreta",
      "ranks": {
        "last14Days": 34,
        "last30Days": 44,
        "last4Weeks": -1,
        "next4Weeks": -1,
        "next7Days": 536,
        "projectedWeek": -1,
        "restOfSeason": 521,
      },
      "selected_position": null,
    },
    {
      "eligible_positions": [
        "RP",
        "P",
      ],
      "injury_status": "Healthy",
      "is_editable": false,
      "is_playing": true,
      "is_starting": "N/A",
      "is_undroppable": false,
      "ownership": {
        "ownership_type": "freeagents",
      },
      "percent_owned": null,
      "percent_owned_delta": 0,
        "ownership": null,
      "percent_started": null,
      "player_key": "422.p.9786",
      "player_name": "Buck Farmer",
      "ranks": {
        "last14Days": 35,
        "last30Days": 61,
        "last4Weeks": -1,
        "next4Weeks": -1,
        "next7Days": 705,
        "projectedWeek": -1,
        "restOfSeason": 814,
      },
      "selected_position": null,
    },
    {
      "eligible_positions": [
        "1B",
        "OF",
        "Util",
      ],
      "injury_status": "Healthy",
      "is_editable": false,
      "is_playing": true,
      "is_starting": "N/A",
      "is_undroppable": false,
      "ownership": {
        "ownership_type": "freeagents",
      },
      "percent_owned": 3,
      "percent_owned_delta": 10,
      "percent_started": 2,
      "player_key": "422.p.12765",
      "player_name": "Ryan Noda",
      "ranks": {
        "last14Days": 36,
        "last30Days": 213,
        "last4Weeks": -1,
        "next4Weeks": -1,
        "next7Days": 441,
        "projectedWeek": -1,
        "restOfSeason": 1335,
      },
      "selected_position": null,
    },
    {
      "eligible_positions": [
        "RP",
        "P",
      ],
      "injury_status": "Healthy",
      "is_editable": false,
      "is_playing": true,
      "is_starting": "N/A",
      "is_undroppable": false,
      "ownership": {
        "ownership_type": "freeagents",
      },
      "ownership": null,
        "percent_owned": 1,
        "percent_owned_delta": 0,
      "percent_started": 1,
      "player_key": "422.p.10133",
      "player_name": "Taylor Rogers",
      "ranks": {
        "last14Days": 37,
        "last30Days": 31,
        "last4Weeks": -1,
        "next4Weeks": -1,
        "next7Days": 576,
        "projectedWeek": -1,
        "restOfSeason": 780,
      },
      "selected_position": null,
    },
    {
      "eligible_positions": [
        "RP",
        "P",
      ],
      "injury_status": "Healthy",
      "is_editable": false,
      "is_playing": true,
      "is_starting": "N/A",
      "is_undroppable": false,
      "ownership": {
        "ownership_type": "freeagents",
      },
      "percent_owned": null,
      "percent_owned_delta": 0,
        "ownership": null,
      "percent_started": null,
      "player_key": "422.p.10694",
      "player_name": "Keynan Middleton",
      "ranks": {
        "last14Days": 39,
        "last30Days": 55,
        "last4Weeks": -1,
        "next4Weeks": -1,
        "next7Days": 630,
        "projectedWeek": -1,
        "restOfSeason": 702,
      },
      "selected_position": null,
    },
    {
      "eligible_positions": [
        "RP",
        "P",
      ],
      "injury_status": "Healthy",
      "is_editable": false,
      "is_playing": true,
      "is_starting": "N/A",
      "is_undroppable": false,
      "ownership": {
        "ownership_type": "freeagents",
      },
      "percent_owned": 1,
      "percent_owned_delta": 1,
      "percent_started": 1,
      "player_key": "422.p.10960",
      "player_name": "Nate Pearson",
      "ranks": {
        "last14Days": 41,
        "last30Days": 47,
        "last4Weeks": -1,
        "next4Weeks": -1,
        "next7Days": 651,
        "projectedWeek": -1,
        "restOfSeason": 452,
      },
      "selected_position": null,
    },
    {
      "eligible_positions": [
        "1B",
        "OF",
        "Util",
      ],
      "injury_status": "Healthy",
      "is_editable": false,
      "is_playing": true,
      "is_starting": "N/A",
      "is_undroppable": false,
      "ownership": {
        "ownership_type": "freeagents",
      },
      "percent_owned": 9,
      "percent_owned_delta": 12,
      "percent_started": 5,
      "player_key": "422.p.11348",
      "player_name": "Luke Raley",
      "ranks": {
        "last14Days": 44,
        "last30Days": 151,
        "last4Weeks": -1,
        "next4Weeks": -1,
        "next7Days": 1065,
        "projectedWeek": -1,
        "restOfSeason": 1412,
      },
      "selected_position": null,
    },
    {
      "eligible_positions": [
        "SP",
        "RP",
        "P",
      ],
      "injury_status": "Healthy",
      "is_editable": false,
      "is_playing": true,
      "is_starting": "N/A",
      "is_undroppable": false,
      "ownership": {
        "ownership_type": "freeagents",
      },
      "percent_owned": null,
      "percent_owned_delta": 0,
        "ownership": null,
      "percent_started": null,
      "player_key": "422.p.12674",
      "player_name": "Xzavion Curry",
      "ranks": {
        "last14Days": 46,
        "last30Days": 71,
        "last4Weeks": -1,
        "next4Weeks": -1,
        "next7Days": 437,
        "projectedWeek": -1,
        "restOfSeason": 438,
      },
      "selected_position": null,
    },
    {
      "eligible_positions": [
        "RP",
        "P",
      ],
      "injury_status": "Healthy",
      "is_editable": false,
      "is_playing": true,
      "is_starting": "N/A",
      "is_undroppable": false,
      "ownership": {
        "ownership_type": "freeagents",
      },
      "percent_owned": null,
      "percent_owned_delta": 0,
        "ownership": null,
      "percent_started": null,
      "player_key": "422.p.10367",
      "player_name": "Matt Carasiti",
      "ranks": {
        "last14Days": 48,
        "last30Days": 401,
        "last4Weeks": -1,
        "next4Weeks": -1,
        "next7Days": 714,
        "projectedWeek": -1,
        "restOfSeason": 1095,
      },
      "selected_position": null,
    },
    {
      "eligible_positions": [
        "RP",
        "P",
      ],
      "injury_status": "Healthy",
      "is_editable": false,
      "is_playing": true,
      "is_starting": "N/A",
      "is_undroppable": false,
      "ownership": {
        "ownership_type": "freeagents",
      },
      "percent_owned": 2,
      "percent_owned_delta": 2,
      "percent_started": 2,
      "player_key": "422.p.10858",
      "player_name": "Adbert Alzolay",
      "ranks": {
        "last14Days": 51,
        "last30Days": 173,
        "last4Weeks": -1,
        "next4Weeks": -1,
        "next7Days": 530,
        "projectedWeek": -1,
        "restOfSeason": 750,
      },
      "selected_position": null,
    },
    {
      "eligible_positions": [
        "RP",
        "P",
      ],
      "injury_status": "Healthy",
      "is_editable": false,
      "is_playing": true,
      "is_starting": "N/A",
      "is_undroppable": false,
      "ownership": {
        "ownership_type": "freeagents",
      },
      "percent_owned": 2,
      "percent_owned_delta": 2,
      "percent_started": 2,
      "player_key": "422.p.10432",
      "player_name": "Tanner Scott",
      "ranks": {
        "last14Days": 52,
        "last30Days": 75,
        "last4Weeks": -1,
        "next4Weeks": -1,
        "next7Days": 686,
        "projectedWeek": -1,
        "restOfSeason": 945,
      },
      "selected_position": null,
    },
    {
      "eligible_positions": [
        "RP",
        "P",
      ],
      "injury_status": "Healthy",
      "is_editable": false,
      "is_playing": true,
      "is_starting": "N/A",
      "is_undroppable": false,
      "ownership": {
        "ownership_type": "freeagents",
      },
      "percent_owned": null,
      "percent_owned_delta": 0,
        "ownership": null,
      "percent_started": null,
      "player_key": "422.p.10767",
      "player_name": "José Ruiz",
      "ranks": {
        "last14Days": 53,
        "last30Days": 433,
        "last4Weeks": -1,
        "next4Weeks": -1,
        "next7Days": 670,
        "projectedWeek": -1,
        "restOfSeason": 835,
      },
      "selected_position": null,
    },
    {
      "eligible_positions": [
        "RP",
        "P",
      ],
      "injury_status": "Healthy",
      "is_editable": false,
      "is_playing": true,
      "is_starting": "N/A",
      "is_undroppable": false,
      "ownership": {
        "ownership_type": "freeagents",
      },
      "ownership": null,
        "percent_owned": 1,
        "percent_owned_delta": 0,
      "percent_started": 1,
      "player_key": "422.p.10882",
      "player_name": "Gregory Soto",
      "ranks": {
        "last14Days": 54,
        "last30Days": 496,
        "last4Weeks": -1,
        "next4Weeks": -1,
        "next7Days": 669,
        "projectedWeek": -1,
        "restOfSeason": 858,
      },
      "selected_position": null,
    },
    {
      "eligible_positions": [
        "3B",
        "Util",
      ],
      "injury_status": "Healthy",
      "is_editable": false,
      "is_playing": true,
      "is_starting": "N/A",
      "is_undroppable": false,
      "ownership": {
        "ownership_type": "freeagents",
      },
      "percent_owned": null,
      "percent_owned_delta": 2,
      "percent_started": null,
      "player_key": "422.p.11473",
      "player_name": "Emmanuel Rivera",
      "ranks": {
        "last14Days": 56,
        "last30Days": 169,
        "last4Weeks": -1,
        "next4Weeks": -1,
        "next7Days": 738,
        "projectedWeek": -1,
        "restOfSeason": 1366,
      },
      "selected_position": null,
    },
    {
      "eligible_positions": [
        "OF",
        "Util",
      ],
      "injury_status": "Healthy",
      "is_editable": false,
      "is_playing": true,
      "is_starting": "N/A",
      "is_undroppable": false,
      "ownership": {
        "ownership_type": "freeagents",
      },
      "percent_owned": 1,
      "percent_owned_delta": 1,
      "percent_started": null,
      "player_key": "422.p.10600",
      "player_name": "Jake Bauers",
      "ranks": {
        "last14Days": 60,
        "last30Days": 405,
        "last4Weeks": -1,
        "next4Weeks": -1,
        "next7Days": 1024,
        "projectedWeek": -1,
        "restOfSeason": 1572,
      },
      "selected_position": null,
    },
    {
      "eligible_positions": [
        "RP",
        "P",
      ],
      "injury_status": "Healthy",
      "is_editable": false,
      "is_playing": true,
      "is_starting": "N/A",
      "is_undroppable": false,
      "ownership": {
        "ownership_type": "freeagents",
      },
      "percent_owned": null,
      "percent_owned_delta": 0,
        "ownership": null,
      "percent_started": null,
      "player_key": "422.p.11537",
      "player_name": "Gregory Santos",
      "ranks": {
        "last14Days": 61,
        "last30Days": 95,
        "last4Weeks": -1,
        "next4Weeks": -1,
        "next7Days": 436,
        "projectedWeek": -1,
        "restOfSeason": 408,
      },
      "selected_position": null,
    },
  ],
}
`;

exports[`Test fetchRostersFromYahoo > With waivers and freeagents 1`] = `
{
  "422.l.115494.t.4": [
    {
      "eligible_positions": [
        "SS",
        "Util",
      ],
      "injury_status": "Healthy",
      "is_editable": false,
      "is_playing": true,
      "is_starting": "N/A",
      "is_undroppable": false,
      "ownership": {
        "display_date": "2023-06-21",
        "ownership_type": "waivers",
        "waiver_date": "2023-06-21",
      },
      "ownership": null,
        "percent_owned": 76,
        "percent_owned_delta": 0,
      "percent_started": 70,
      "player_key": "422.p.10234",
      "player_name": "Dansby Swanson",
      "ranks": {
        "last14Days": 541,
        "last30Days": 370,
        "last4Weeks": -1,
        "next4Weeks": -1,
        "next7Days": 264,
        "projectedWeek": -1,
        "restOfSeason": 70,
      },
      "selected_position": null,
    },
    {
      "eligible_positions": [
        "1B",
        "OF",
        "Util",
      ],
      "injury_status": "Healthy",
      "is_editable": false,
      "is_playing": true,
      "is_starting": 1,
      "is_undroppable": false,
      "ownership": {
        "display_date": "2023-06-21",
        "ownership_type": "waivers",
        "waiver_date": "2023-06-21",
      },
      "percent_owned": 54,
      "percent_owned_delta": -2,
      "percent_started": 47,
      "player_key": "422.p.11866",
      "player_name": "Andrew Vaughn",
      "ranks": {
        "last14Days": 488,
        "last30Days": 249,
        "last4Weeks": -1,
        "next4Weeks": -1,
        "next7Days": 112,
        "projectedWeek": -1,
        "restOfSeason": 139,
      },
      "selected_position": null,
    },
    {
      "eligible_positions": [
        "OF",
        "Util",
      ],
      "injury_status": "Healthy",
      "is_editable": false,
      "is_playing": true,
      "is_starting": 1,
      "is_undroppable": false,
      "ownership": {
        "display_date": "2023-06-21",
        "ownership_type": "waivers",
        "waiver_date": "2023-06-21",
      },
      "ownership": null,
        "percent_owned": 51,
        "percent_owned_delta": 0,
      "percent_started": 31,
      "player_key": "422.p.10666",
      "player_name": "Anthony Santander",
      "ranks": {
        "last14Days": 407,
        "last30Days": 325,
        "last4Weeks": -1,
        "next4Weeks": -1,
        "next7Days": 883,
        "projectedWeek": -1,
        "restOfSeason": 158,
      },
      "selected_position": null,
    },
    {
      "eligible_positions": [
        "3B",
        "OF",
        "Util",
      ],
      "injury_status": "Healthy",
      "is_editable": false,
      "is_playing": true,
      "is_starting": 1,
      "is_undroppable": false,
      "ownership": {
        "display_date": "2023-06-21",
        "ownership_type": "waivers",
        "waiver_date": "2023-06-21",
      },
      "percent_owned": 59,
      "percent_owned_delta": 4,
      "percent_started": 56,
      "player_key": "422.p.12024",
      "player_name": "Jordan Walker",
      "ranks": {
        "last14Days": 44,
        "last30Days": 307,
        "last4Weeks": -1,
        "next4Weeks": -1,
        "next7Days": 152,
        "projectedWeek": -1,
        "restOfSeason": 98,
      },
      "selected_position": null,
    },
    {
      "eligible_positions": [
        "1B",
        "Util",
        "IL",
      ],
      "injury_status": "10-Day Injured List",
      "is_editable": false,
      "is_playing": true,
      "is_starting": 0,
      "is_undroppable": false,
      "ownership": {
        "display_date": "2023-06-21",
        "ownership_type": "waivers",
        "waiver_date": "2023-06-21",
      },
      "ownership": null,
        "percent_owned": 41,
        "percent_owned_delta": 0,
      "percent_started": 1,
      "player_key": "422.p.10429",
      "player_name": "Ryan Mountcastle",
      "ranks": {
        "last14Days": 864,
        "last30Days": 833,
        "last4Weeks": -1,
        "next4Weeks": -1,
        "next7Days": 1061,
        "projectedWeek": -1,
        "restOfSeason": 271,
      },
      "selected_position": null,
    },
    {
      "eligible_positions": [
        "OF",
        "Util",
      ],
      "injury_status": "Healthy",
      "is_editable": false,
      "is_playing": true,
      "is_starting": "N/A",
      "is_undroppable": false,
      "ownership": {
        "display_date": "2023-06-21",
        "ownership_type": "waivers",
        "waiver_date": "2023-06-21",
      },
      "ownership": null,
        "percent_owned": 22,
        "percent_owned_delta": 0,
      "percent_started": 19,
      "player_key": "422.p.10440",
      "player_name": "Ian Happ",
      "ranks": {
        "last14Days": 240,
        "last30Days": 555,
        "last4Weeks": -1,
        "next4Weeks": -1,
        "next7Days": 747,
        "projectedWeek": -1,
        "restOfSeason": 178,
      },
      "selected_position": null,
    },
    {
      "eligible_positions": [
        "SP",
        "P",
        "IL",
      ],
      "injury_status": "60-Day Injured List",
      "is_editable": false,
      "is_playing": true,
      "is_starting": "N/A",
      "is_undroppable": false,
      "ownership": {
        "display_date": "2023-06-21",
        "ownership_type": "waivers",
        "waiver_date": "2023-06-21",
      },
      "ownership": null,
        "percent_owned": 22,
        "percent_owned_delta": 0,
      "percent_started": null,
      "player_key": "422.p.10847",
      "player_name": "Kyle Wright",
      "ranks": {
        "last14Days": 2266,
        "last30Days": 2300,
        "last4Weeks": -1,
        "next4Weeks": -1,
        "next7Days": 2439,
        "projectedWeek": -1,
        "restOfSeason": 240,
      },
      "selected_position": null,
    },
    {
      "eligible_positions": [
        "SP",
        "P",
        "IL",
      ],
      "injury_status": "60-Day Injured List",
      "is_editable": false,
      "is_playing": true,
      "is_starting": "N/A",
      "is_undroppable": false,
      "ownership": {
        "display_date": "2023-06-21",
        "ownership_type": "waivers",
        "waiver_date": "2023-06-21",
      },
      "ownership": null,
        "percent_owned": 25,
        "percent_owned_delta": 0,
      "percent_started": null,
      "player_key": "422.p.11789",
      "player_name": "Drew Rasmussen",
      "ranks": {
        "last14Days": 2733,
        "last30Days": 2752,
        "last4Weeks": -1,
        "next4Weeks": -1,
        "next7Days": 2815,
        "projectedWeek": -1,
        "restOfSeason": 105,
      },
      "selected_position": null,
    },
    {
      "eligible_positions": [
        "SP",
        "P",
      ],
      "injury_status": "Healthy",
      "is_editable": false,
      "is_playing": true,
      "is_starting": "N/A",
      "is_undroppable": false,
      "ownership": {
        "display_date": "2023-06-21",
        "ownership_type": "waivers",
        "waiver_date": "2023-06-21",
      },
      "percent_owned": 26,
      "percent_owned_delta": 2,
      "percent_started": 20,
      "player_key": "422.p.9140",
      "player_name": "Drew Smyly",
      "ranks": {
        "last14Days": 458,
        "last30Days": 702,
        "last4Weeks": -1,
        "next4Weeks": -1,
        "next7Days": 284,
        "projectedWeek": -1,
        "restOfSeason": 300,
      },
      "selected_position": null,
    },
    {
      "eligible_positions": [
        "OF",
        "Util",
      ],
      "injury_status": "Healthy",
      "is_editable": false,
      "is_playing": true,
      "is_starting": 0,
      "is_undroppable": false,
      "ownership": {
        "display_date": "2023-06-23",
        "ownership_type": "waivers",
        "waiver_date": "2023-06-23",
      },
      "ownership": null,
        "percent_owned": 17,
        "percent_owned_delta": 0,
      "percent_started": 6,
      "player_key": "422.p.12212",
      "player_name": "Lars Nootbaar",
      "ranks": {
        "last14Days": 805,
        "last30Days": 720,
        "last4Weeks": -1,
        "next4Weeks": -1,
        "next7Days": 167,
        "projectedWeek": -1,
        "restOfSeason": 128,
      },
      "selected_position": null,
    },
    {
      "eligible_positions": [
        "1B",
        "Util",
      ],
      "injury_status": "Healthy",
      "is_editable": false,
      "is_playing": true,
      "is_starting": 1,
      "is_undroppable": false,
      "ownership": {
        "display_date": "2023-06-21",
        "ownership_type": "waivers",
        "waiver_date": "2023-06-21",
      },
      "percent_owned": 12,
      "percent_owned_delta": -3,
      "percent_started": 9,
      "player_key": "422.p.10620",
      "player_name": "Rowdy Tellez",
      "ranks": {
        "last14Days": 871,
        "last30Days": 811,
        "last4Weeks": -1,
        "next4Weeks": -1,
        "next7Days": 232,
        "projectedWeek": -1,
        "restOfSeason": 183,
      },
      "selected_position": null,
    },
    {
      "eligible_positions": [
        "C",
        "Util",
      ],
      "injury_status": "Healthy",
      "is_editable": false,
      "is_playing": true,
      "is_starting": 1,
      "is_undroppable": false,
      "ownership": {
        "display_date": "2023-06-21",
        "ownership_type": "waivers",
        "waiver_date": "2023-06-21",
      },
      "ownership": null,
        "percent_owned": 12,
        "percent_owned_delta": 0,
      "percent_started": 8,
      "player_key": "422.p.11531",
      "player_name": "Cal Raleigh",
      "ranks": {
        "last14Days": 658,
        "last30Days": 723,
        "last4Weeks": -1,
        "next4Weeks": -1,
        "next7Days": 790,
        "projectedWeek": -1,
        "restOfSeason": 736,
      },
      "selected_position": null,
    },
    {
      "eligible_positions": [
        "SP",
        "RP",
        "P",
      ],
      "injury_status": "Healthy",
      "is_editable": false,
      "is_playing": true,
      "is_starting": "N/A",
      "is_undroppable": false,
      "ownership": {
        "display_date": "2023-06-21",
        "ownership_type": "waivers",
        "waiver_date": "2023-06-21",
      },
      "ownership": null,
        "percent_owned": 17,
        "percent_owned_delta": 0,
      "percent_started": 9,
      "player_key": "422.p.10451",
      "player_name": "Dane Dunning",
      "ranks": {
        "last14Days": 622,
        "last30Days": 697,
        "last4Weeks": -1,
        "next4Weeks": -1,
        "next7Days": 291,
        "projectedWeek": -1,
        "restOfSeason": 405,
      },
      "selected_position": null,
    },
    {
      "eligible_positions": [
        "SP",
        "P",
        "IL",
      ],
      "injury_status": "60-Day Injured List",
      "is_editable": false,
      "is_playing": true,
      "is_starting": "N/A",
      "is_undroppable": false,
      "ownership": {
        "display_date": "2023-06-21",
        "ownership_type": "waivers",
        "waiver_date": "2023-06-21",
      },
      "ownership": null,
        "percent_owned": 14,
        "percent_owned_delta": 0,
      "percent_started": null,
      "player_key": "422.p.11750",
      "player_name": "Nick Lodolo",
      "ranks": {
        "last14Days": 2722,
        "last30Days": 2742,
        "last4Weeks": -1,
        "next4Weeks": -1,
        "next7Days": 2807,
        "projectedWeek": -1,
        "restOfSeason": 249,
      },
      "selected_position": null,
    },
    {
      "eligible_positions": [
        "SP",
        "P",
      ],
      "injury_status": "Healthy",
      "is_editable": false,
      "is_playing": true,
      "is_starting": "N/A",
      "is_undroppable": false,
      "ownership": {
        "display_date": "2023-06-21",
        "ownership_type": "waivers",
        "waiver_date": "2023-06-21",
      },
      "percent_owned": 20,
      "percent_owned_delta": 4,
      "percent_started": 9,
      "player_key": "422.p.8846",
      "player_name": "Julio Teheran",
      "ranks": {
        "last14Days": 69,
        "last30Days": 40,
        "last4Weeks": -1,
        "next4Weeks": -1,
        "next7Days": 917,
        "projectedWeek": -1,
        "restOfSeason": 1195,
      },
      "selected_position": null,
    },
    {
      "eligible_positions": [
        "OF",
        "Util",
      ],
      "injury_status": "Healthy",
      "is_editable": false,
      "is_playing": true,
      "is_starting": 1,
      "is_undroppable": false,
      "ownership": {
        "display_date": "2023-06-21",
        "ownership_type": "waivers",
        "waiver_date": "2023-06-21",
      },
      "percent_owned": 18,
      "percent_owned_delta": -11,
      "percent_started": 14,
      "player_key": "422.p.12236",
      "player_name": "Bryan De La Cruz",
      "ranks": {
        "last14Days": 668,
        "last30Days": 161,
        "last4Weeks": -1,
        "next4Weeks": -1,
        "next7Days": 356,
        "projectedWeek": -1,
        "restOfSeason": 1009,
      },
      "selected_position": null,
    },
    {
      "eligible_positions": [
        "SS",
        "OF",
        "Util",
      ],
      "injury_status": "Healthy",
      "is_editable": false,
      "is_playing": true,
      "is_starting": 1,
      "is_undroppable": false,
      "ownership": {
        "display_date": "2023-06-21",
        "ownership_type": "waivers",
        "waiver_date": "2023-06-21",
      },
      "ownership": null,
        "percent_owned": 6,
        "percent_owned_delta": 0,
      "percent_started": 3,
      "player_key": "422.p.10233",
      "player_name": "Amed Rosario",
      "ranks": {
        "last14Days": 239,
        "last30Days": 553,
        "last4Weeks": -1,
        "next4Weeks": -1,
        "next7Days": 177,
        "projectedWeek": -1,
        "restOfSeason": 184,
      },
      "selected_position": null,
    },
    {
      "eligible_positions": [
        "1B",
        "2B",
        "3B",
        "SS",
        "OF",
        "Util",
      ],
      "injury_status": "Healthy",
      "is_editable": false,
      "is_playing": true,
      "is_starting": 1,
      "is_undroppable": false,
      "ownership": {
        "display_date": "2023-06-21",
        "ownership_type": "waivers",
        "waiver_date": "2023-06-21",
      },
      "percent_owned": 12,
      "percent_owned_delta": 9,
      "percent_started": 9,
      "player_key": "422.p.12351",
      "player_name": "Brendan Donovan",
      "ranks": {
        "last14Days": 156,
        "last30Days": 106,
        "last4Weeks": -1,
        "next4Weeks": -1,
        "next7Days": 913,
        "projectedWeek": -1,
        "restOfSeason": 436,
      },
      "selected_position": null,
    },
    {
      "eligible_positions": [
        "SP",
        "P",
        "IL",
      ],
      "injury_status": "60-Day Injured List",
      "is_editable": false,
      "is_playing": true,
      "is_starting": "N/A",
      "is_undroppable": false,
      "ownership": {
        "display_date": "2023-06-21",
        "ownership_type": "waivers",
        "waiver_date": "2023-06-21",
      },
      "percent_owned": 8,
      "percent_owned_delta": -2,
      "percent_started": null,
      "player_key": "422.p.9701",
      "player_name": "Jacob deGrom",
      "ranks": {
        "last14Days": 2071,
        "last30Days": 2124,
        "last4Weeks": -1,
        "next4Weeks": -1,
        "next7Days": 2311,
        "projectedWeek": -1,
        "restOfSeason": 2557,
      },
      "selected_position": null,
    },
    {
      "eligible_positions": [
        "SP",
        "RP",
        "P",
      ],
      "injury_status": "Healthy",
      "is_editable": false,
      "is_playing": true,
      "is_starting": 1,
      "is_undroppable": false,
      "ownership": {
        "display_date": "2023-06-21",
        "ownership_type": "waivers",
        "waiver_date": "2023-06-21",
      },
      "percent_owned": 11,
      "percent_owned_delta": 3,
      "percent_started": 9,
      "player_key": "422.p.11263",
      "player_name": "Yusei Kikuchi",
      "ranks": {
        "last14Days": 420,
        "last30Days": 574,
        "last4Weeks": -1,
        "next4Weeks": -1,
        "next7Days": 345,
        "projectedWeek": -1,
        "restOfSeason": 1130,
      },
      "selected_position": null,
    },
    {
      "eligible_positions": [
        "OF",
        "Util",
      ],
      "injury_status": "Healthy",
      "is_editable": false,
      "is_playing": true,
      "is_starting": 1,
      "is_undroppable": false,
      "ownership": {
        "display_date": "2023-06-21",
        "ownership_type": "waivers",
        "waiver_date": "2023-06-21",
      },
      "ownership": null,
        "percent_owned": 10,
        "percent_owned_delta": 0,
      "percent_started": null,
      "player_key": "422.p.10591",
      "player_name": "Harrison Bader",
      "ranks": {
        "last14Days": 1098,
        "last30Days": 503,
        "last4Weeks": -1,
        "next4Weeks": -1,
        "next7Days": 274,
        "projectedWeek": -1,
        "restOfSeason": 220,
      },
      "selected_position": null,
    },
    {
      "eligible_positions": [
        "SP",
        "P",
      ],
      "injury_status": "Healthy",
      "is_editable": false,
      "is_playing": true,
      "is_starting": "N/A",
      "is_undroppable": false,
      "ownership": {
        "display_date": "2023-06-21",
        "ownership_type": "waivers",
        "waiver_date": "2023-06-21",
      },
      "ownership": null,
        "percent_owned": 15,
        "percent_owned_delta": 0,
      "percent_started": 11,
      "player_key": "422.p.10592",
      "player_name": "Jack Flaherty",
      "ranks": {
        "last14Days": 859,
        "last30Days": 781,
        "last4Weeks": -1,
        "next4Weeks": -1,
        "next7Days": 204,
        "projectedWeek": -1,
        "restOfSeason": 708,
      },
      "selected_position": null,
    },
    {
      "eligible_positions": [
        "1B",
        "OF",
        "Util",
      ],
      "injury_status": "Healthy",
      "is_editable": false,
      "is_playing": true,
      "is_starting": "N/A",
      "is_undroppable": false,
      "ownership": {
        "display_date": "2023-06-21",
        "ownership_type": "waivers",
        "waiver_date": "2023-06-21",
      },
      "percent_owned": 13,
      "percent_owned_delta": 6,
      "percent_started": 12,
      "player_key": "422.p.11174",
      "player_name": "LaMonte Wade Jr.",
      "ranks": {
        "last14Days": 89,
        "last30Days": 125,
        "last4Weeks": -1,
        "next4Weeks": -1,
        "next7Days": 94,
        "projectedWeek": -1,
        "restOfSeason": 1092,
      },
      "selected_position": null,
    },
    {
      "eligible_positions": [
        "RP",
        "P",
      ],
      "injury_status": "Healthy",
      "is_editable": false,
      "is_playing": true,
      "is_starting": "N/A",
      "is_undroppable": false,
      "ownership": {
        "display_date": "2023-06-21",
        "ownership_type": "waivers",
        "waiver_date": "2023-06-21",
      },
      "ownership": null,
        "percent_owned": 13,
        "percent_owned_delta": 0,
      "percent_started": 13,
      "player_key": "422.p.11208",
      "player_name": "Bryan Abreu",
      "ranks": {
        "last14Days": 295,
        "last30Days": 467,
        "last4Weeks": -1,
        "next4Weeks": -1,
        "next7Days": 310,
        "projectedWeek": -1,
        "restOfSeason": 260,
      },
      "selected_position": null,
    },
    {
      "eligible_positions": [
        "C",
        "Util",
      ],
      "injury_status": "Healthy",
      "is_editable": false,
      "is_playing": true,
      "is_starting": "N/A",
      "is_undroppable": false,
      "ownership": {
        "display_date": "2023-06-21",
        "ownership_type": "waivers",
        "waiver_date": "2023-06-21",
      },
      "percent_owned": 14,
      "percent_owned_delta": 40,
      "percent_started": 6,
      "player_key": "422.p.12514",
      "player_name": "Henry Davis",
      "ranks": {
        "last14Days": 778,
        "last30Days": 909,
        "last4Weeks": -1,
        "next4Weeks": -1,
        "next7Days": 800,
        "projectedWeek": -1,
        "restOfSeason": 2460,
      },
      "selected_position": null,
    },
  ],
  "422.l.16955.t.10": [
    {
      "eligible_positions": [
        "SP",
        "P",
      ],
      "injury_status": "Healthy",
      "is_editable": false,
      "is_playing": true,
      "is_starting": "N/A",
      "is_undroppable": false,
      "ownership": {
        "ownership_type": "freeagents",
      },
      "ownership": null,
        "percent_owned": 80,
        "percent_owned_delta": 0,
      "percent_started": 63,
      "player_key": "422.p.11057",
      "player_name": "Pablo López",
      "ranks": {
        "last14Days": 492,
        "last30Days": 727,
        "last4Weeks": -1,
        "next4Weeks": -1,
        "next7Days": 149,
        "projectedWeek": -1,
        "restOfSeason": 238,
      },
      "selected_position": null,
    },
    {
      "eligible_positions": [
        "SP",
        "P",
      ],
      "injury_status": "Healthy",
      "is_editable": false,
      "is_playing": true,
      "is_starting": "N/A",
      "is_undroppable": false,
      "ownership": {
        "ownership_type": "freeagents",
      },
      "ownership": null,
        "percent_owned": 72,
        "percent_owned_delta": 0,
      "percent_started": 41,
      "player_key": "422.p.12776",
      "player_name": "Kodai Senga",
      "ranks": {
        "last14Days": 344,
        "last30Days": 457,
        "last4Weeks": -1,
        "next4Weeks": -1,
        "next7Days": 308,
        "projectedWeek": -1,
        "restOfSeason": 230,
      },
      "selected_position": null,
    },
    {
      "eligible_positions": [
        "SP",
        "P",
        "IL",
      ],
      "injury_status": "15-Day Injured List",
      "is_editable": false,
      "is_playing": true,
      "is_starting": "N/A",
      "is_undroppable": false,
      "ownership": {
        "ownership_type": "freeagents",
      },
      "percent_owned": 66,
      "percent_owned_delta": 1,
      "percent_started": null,
      "player_key": "422.p.9546",
      "player_name": "Eduardo Rodriguez",
      "ranks": {
        "last14Days": 2043,
        "last30Days": 543,
        "last4Weeks": -1,
        "next4Weeks": -1,
        "next7Days": 2289,
        "projectedWeek": -1,
        "restOfSeason": 237,
      },
      "selected_position": null,
    },
    {
      "eligible_positions": [
        "RP",
        "P",
      ],
      "injury_status": "Healthy",
      "is_editable": false,
      "is_playing": true,
      "is_starting": "N/A",
      "is_undroppable": false,
      "ownership": {
        "ownership_type": "freeagents",
      },
      "percent_owned": 62,
      "percent_owned_delta": 1,
      "percent_started": 62,
      "player_key": "422.p.9193",
      "player_name": "Will Smith",
      "ranks": {
        "last14Days": 152,
        "last30Days": 100,
        "last4Weeks": -1,
        "next4Weeks": -1,
        "next7Days": 147,
        "projectedWeek": -1,
        "restOfSeason": 243,
      },
      "selected_position": null,
    },
    {
      "eligible_positions": [
        "1B",
        "CI",
        "Util",
      ],
      "injury_status": "Healthy",
      "is_editable": false,
      "is_playing": true,
      "is_starting": "N/A",
      "is_undroppable": false,
      "ownership": {
        "ownership_type": "freeagents",
      },
      "percent_owned": 29,
      "percent_owned_delta": -3,
      "percent_started": 25,
      "player_key": "422.p.9540",
      "player_name": "José Abreu",
      "ranks": {
        "last14Days": 135,
        "last30Days": 195,
        "last4Weeks": -1,
        "next4Weeks": -1,
        "next7Days": 932,
        "projectedWeek": -1,
        "restOfSeason": 278,
      },
      "selected_position": null,
    },
    {
      "eligible_positions": [
        "RP",
        "P",
      ],
      "injury_status": "Healthy",
      "is_editable": false,
      "is_playing": true,
      "is_starting": "N/A",
      "is_undroppable": false,
      "ownership": {
        "ownership_type": "freeagents",
      },
      "percent_owned": 50,
      "percent_owned_delta": 2,
      "percent_started": 49,
      "player_key": "422.p.10548",
      "player_name": "A.J. Puk",
      "ranks": {
        "last14Days": 89,
        "last30Days": 158,
        "last4Weeks": -1,
        "next4Weeks": -1,
        "next7Days": 95,
        "projectedWeek": -1,
        "restOfSeason": 182,
      },
      "selected_position": null,
    },
    {
      "eligible_positions": [
        "SP",
        "P",
      ],
      "injury_status": "Healthy",
      "is_editable": false,
      "is_playing": true,
      "is_starting": "N/A",
      "is_undroppable": false,
      "ownership": {
        "ownership_type": "freeagents",
      },
      "percent_owned": 49,
      "percent_owned_delta": 5,
      "percent_started": 38,
      "player_key": "422.p.9331",
      "player_name": "James Paxton",
      "ranks": {
        "last14Days": 39,
        "last30Days": 241,
        "last4Weeks": -1,
        "next4Weeks": -1,
        "next7Days": 820,
        "projectedWeek": -1,
        "restOfSeason": 1081,
      },
      "selected_position": null,
    },
    {
      "eligible_positions": [
        "2B",
        "3B",
        "SS",
        "CI",
        "MI",
        "OF",
        "Util",
      ],
      "injury_status": "Healthy",
      "is_editable": false,
      "is_playing": true,
      "is_starting": "N/A",
      "is_undroppable": false,
      "ownership": {
        "ownership_type": "freeagents",
      },
      "percent_owned": 40,
      "percent_owned_delta": 1,
      "percent_started": 35,
      "player_key": "422.p.11886",
      "player_name": "Ezequiel Duran",
      "ranks": {
        "last14Days": 257,
        "last30Days": 506,
        "last4Weeks": -1,
        "next4Weeks": -1,
        "next7Days": 168,
        "projectedWeek": -1,
        "restOfSeason": 1300,
      },
      "selected_position": null,
    },
    {
      "eligible_positions": [
        "SP",
        "P",
      ],
      "injury_status": "Healthy",
      "is_editable": false,
      "is_playing": true,
      "is_starting": "N/A",
      "is_undroppable": false,
      "ownership": {
        "ownership_type": "freeagents",
      },
      "percent_owned": 21,
      "percent_owned_delta": -3,
      "percent_started": 10,
      "player_key": "422.p.9173",
      "player_name": "Miles Mikolas",
      "ranks": {
        "last14Days": 898,
        "last30Days": 719,
        "last4Weeks": -1,
        "next4Weeks": -1,
        "next7Days": 127,
        "projectedWeek": -1,
        "restOfSeason": 258,
      },
      "selected_position": null,
    },
    {
      "eligible_positions": [
        "RP",
        "P",
      ],
      "injury_status": "Healthy",
      "is_editable": false,
      "is_playing": true,
      "is_starting": "N/A",
      "is_undroppable": false,
      "ownership": {
        "ownership_type": "freeagents",
      },
      "ownership": null,
        "percent_owned": 25,
        "percent_owned_delta": 0,
      "percent_started": 23,
      "player_key": "422.p.12614",
      "player_name": "Yennier Cano",
      "ranks": {
        "last14Days": 421,
        "last30Days": 471,
        "last4Weeks": -1,
        "next4Weeks": -1,
        "next7Days": 708,
        "projectedWeek": -1,
        "restOfSeason": 495,
      },
      "selected_position": null,
    },
    {
      "eligible_positions": [
        "SP",
        "P",
      ],
      "injury_status": "Healthy",
      "is_editable": false,
      "is_playing": true,
      "is_starting": "N/A",
      "is_undroppable": false,
      "ownership": {
        "ownership_type": "freeagents",
      },
      "percent_owned": 23,
      "percent_owned_delta": -2,
      "percent_started": 8,
      "player_key": "422.p.8864",
      "player_name": "Kyle Gibson",
      "ranks": {
        "last14Days": 509,
        "last30Days": 289,
        "last4Weeks": -1,
        "next4Weeks": -1,
        "next7Days": 856,
        "projectedWeek": -1,
        "restOfSeason": 1215,
      },
      "selected_position": null,
    },
    {
      "eligible_positions": [
        "RP",
        "P",
      ],
      "injury_status": "Healthy",
      "is_editable": false,
      "is_playing": true,
      "is_starting": "N/A",
      "is_undroppable": false,
      "ownership": {
        "ownership_type": "freeagents",
      },
      "percent_owned": 21,
      "percent_owned_delta": -2,
      "percent_started": 21,
      "player_key": "422.p.9782",
      "player_name": "Andrew Chafin",
      "ranks": {
        "last14Days": 318,
        "last30Days": 293,
        "last4Weeks": -1,
        "next4Weeks": -1,
        "next7Days": 97,
        "projectedWeek": -1,
        "restOfSeason": 194,
      },
      "selected_position": null,
    },
    {
      "eligible_positions": [
        "SP",
        "P",
      ],
      "injury_status": "Not Active",
      "is_editable": false,
      "is_playing": true,
      "is_starting": "N/A",
      "is_undroppable": false,
      "ownership": {
        "ownership_type": "freeagents",
      },
      "ownership": null,
        "percent_owned": 13,
        "percent_owned_delta": 0,
      "percent_started": 1,
      "player_key": "422.p.11854",
      "player_name": "Alek Manoah",
      "ranks": {
        "last14Days": 2755,
        "last30Days": 1000,
        "last4Weeks": -1,
        "next4Weeks": -1,
        "next7Days": 567,
        "projectedWeek": -1,
        "restOfSeason": 1334,
      },
      "selected_position": null,
    },
    {
      "eligible_positions": [
        "1B",
        "CI",
        "Util",
      ],
      "injury_status": "Healthy",
      "is_editable": false,
      "is_playing": true,
      "is_starting": "N/A",
      "is_undroppable": false,
      "ownership": {
        "ownership_type": "freeagents",
      },
      "percent_owned": 12,
      "percent_owned_delta": -3,
      "percent_started": 9,
      "player_key": "422.p.10620",
      "player_name": "Rowdy Tellez",
      "ranks": {
        "last14Days": 799,
        "last30Days": 711,
        "last4Weeks": -1,
        "next4Weeks": -1,
        "next7Days": 202,
        "projectedWeek": -1,
        "restOfSeason": 141,
      },
      "selected_position": null,
    },
    {
      "eligible_positions": [
        "RP",
        "P",
      ],
      "injury_status": "Healthy",
      "is_editable": false,
      "is_playing": true,
      "is_starting": "N/A",
      "is_undroppable": false,
      "ownership": {
        "ownership_type": "freeagents",
      },
      "percent_owned": 15,
      "percent_owned_delta": 2,
      "percent_started": 14,
      "player_key": "422.p.10794",
      "player_name": "A.J. Minter",
      "ranks": {
        "last14Days": 84,
        "last30Days": 110,
        "last4Weeks": -1,
        "next4Weeks": -1,
        "next7Days": 75,
        "projectedWeek": -1,
        "restOfSeason": 157,
      },
      "selected_position": null,
    },
    {
      "eligible_positions": [
        "SP",
        "P",
      ],
      "injury_status": "Healthy",
      "is_editable": false,
      "is_playing": true,
      "is_starting": "N/A",
      "is_undroppable": false,
      "ownership": {
        "ownership_type": "freeagents",
      },
      "percent_owned": 27,
      "percent_owned_delta": 3,
      "percent_started": 14,
      "player_key": "422.p.10513",
      "player_name": "Braxton Garrett",
      "ranks": {
        "last14Days": 57,
        "last30Days": 101,
        "last4Weeks": -1,
        "next4Weeks": -1,
        "next7Days": 881,
        "projectedWeek": -1,
        "restOfSeason": 1109,
      },
      "selected_position": null,
    },
    {
      "eligible_positions": [
        "SP",
        "P",
      ],
      "injury_status": "Healthy",
      "is_editable": false,
      "is_playing": true,
      "is_starting": "N/A",
      "is_undroppable": false,
      "ownership": {
        "ownership_type": "freeagents",
      },
      "ownership": null,
        "percent_owned": 11,
        "percent_owned_delta": 0,
      "percent_started": 4,
      "player_key": "422.p.11478",
      "player_name": "Patrick Sandoval",
      "ranks": {
        "last14Days": 602,
        "last30Days": 986,
        "last4Weeks": -1,
        "next4Weeks": -1,
        "next7Days": 777,
        "projectedWeek": -1,
        "restOfSeason": 870,
      },
      "selected_position": null,
    },
    {
      "eligible_positions": [
        "SP",
        "P",
      ],
      "injury_status": "Healthy",
      "is_editable": false,
      "is_playing": true,
      "is_starting": "N/A",
      "is_undroppable": false,
      "ownership": {
        "ownership_type": "freeagents",
      },
      "percent_owned": 19,
      "percent_owned_delta": 3,
      "percent_started": 14,
      "player_key": "422.p.10940",
      "player_name": "MacKenzie Gore",
      "ranks": {
        "last14Days": 698,
        "last30Days": 706,
        "last4Weeks": -1,
        "next4Weeks": -1,
        "next7Days": 949,
        "projectedWeek": -1,
        "restOfSeason": 1090,
      },
      "selected_position": null,
    },
    {
      "eligible_positions": [
        "SP",
        "P",
      ],
      "injury_status": "Healthy",
      "is_editable": false,
      "is_playing": true,
      "is_starting": "N/A",
      "is_undroppable": false,
      "ownership": {
        "ownership_type": "freeagents",
      },
      "percent_owned": 20,
      "percent_owned_delta": -5,
      "percent_started": 5,
      "player_key": "422.p.10069",
      "player_name": "Domingo Germán",
      "ranks": {
        "last14Days": 870,
        "last30Days": 739,
        "last4Weeks": -1,
        "next4Weeks": -1,
        "next7Days": 758,
        "projectedWeek": -1,
        "restOfSeason": 993,
      },
      "selected_position": null,
    },
    {
      "eligible_positions": [
        "SP",
        "P",
      ],
      "injury_status": "Healthy",
      "is_editable": false,
      "is_playing": true,
      "is_starting": "N/A",
      "is_undroppable": false,
      "ownership": {
        "ownership_type": "freeagents",
      },
      "percent_owned": 16,
      "percent_owned_delta": 5,
      "percent_started": 4,
      "player_key": "422.p.9321",
      "player_name": "Taijuan Walker",
      "ranks": {
        "last14Days": 9,
        "last30Days": 79,
        "last4Weeks": -1,
        "next4Weeks": -1,
        "next7Days": 853,
        "projectedWeek": -1,
        "restOfSeason": 1014,
      },
      "selected_position": null,
    },
    {
      "eligible_positions": [
        "SP",
        "P",
      ],
      "injury_status": "Healthy",
      "is_editable": false,
      "is_playing": true,
      "is_starting": "N/A",
      "is_undroppable": false,
      "ownership": {
        "ownership_type": "freeagents",
      },
      "ownership": null,
        "percent_owned": 14,
        "percent_owned_delta": 0,
      "percent_started": 6,
      "player_key": "422.p.8652",
      "player_name": "Martín Pérez",
      "ranks": {
        "last14Days": 896,
        "last30Days": 970,
        "last4Weeks": -1,
        "next4Weeks": -1,
        "next7Days": 874,
        "projectedWeek": -1,
        "restOfSeason": 1180,
      },
      "selected_position": null,
    },
    {
      "eligible_positions": [
        "RP",
        "P",
      ],
      "injury_status": "Healthy",
      "is_editable": false,
      "is_playing": true,
      "is_starting": "N/A",
      "is_undroppable": false,
      "ownership": {
        "ownership_type": "freeagents",
      },
      "percent_owned": 18,
      "percent_owned_delta": -2,
      "percent_started": 18,
      "player_key": "422.p.11709",
      "player_name": "Kyle Finnegan",
      "ranks": {
        "last14Days": 590,
        "last30Days": 205,
        "last4Weeks": -1,
        "next4Weeks": -1,
        "next7Days": 313,
        "projectedWeek": -1,
        "restOfSeason": 369,
      },
      "selected_position": null,
    },
    {
      "eligible_positions": [
        "SS",
        "MI",
        "Util",
      ],
      "injury_status": "Healthy",
      "is_editable": false,
      "is_playing": true,
      "is_starting": "N/A",
      "is_undroppable": false,
      "ownership": {
        "ownership_type": "freeagents",
      },
      "percent_owned": 5,
      "percent_owned_delta": 1,
      "percent_started": 4,
      "player_key": "422.p.9557",
      "player_name": "Javier Báez",
      "ranks": {
        "last14Days": 127,
        "last30Days": 297,
        "last4Weeks": -1,
        "next4Weeks": -1,
        "next7Days": 744,
        "projectedWeek": -1,
        "restOfSeason": 152,
      },
      "selected_position": null,
    },
    {
      "eligible_positions": [
        "SP",
        "RP",
        "P",
      ],
      "injury_status": "Healthy",
      "is_editable": false,
      "is_playing": true,
      "is_starting": "N/A",
      "is_undroppable": false,
      "ownership": {
        "ownership_type": "freeagents",
      },
      "percent_owned": 11,
      "percent_owned_delta": 3,
      "percent_started": 9,
      "player_key": "422.p.11263",
      "player_name": "Yusei Kikuchi",
      "ranks": {
        "last14Days": 412,
        "last30Days": 673,
        "last4Weeks": -1,
        "next4Weeks": -1,
        "next7Days": 919,
        "projectedWeek": -1,
        "restOfSeason": 1282,
      },
      "selected_position": null,
    },
    {
      "eligible_positions": [
        "SP",
        "P",
      ],
      "injury_status": "Healthy",
      "is_editable": false,
      "is_playing": true,
      "is_starting": "N/A",
      "is_undroppable": false,
      "ownership": {
        "ownership_type": "freeagents",
      },
      "ownership": null,
        "percent_owned": 15,
        "percent_owned_delta": 0,
      "percent_started": 11,
      "player_key": "422.p.10592",
      "player_name": "Jack Flaherty",
      "ranks": {
        "last14Days": 877,
        "last30Days": 839,
        "last4Weeks": -1,
        "next4Weeks": -1,
        "next7Days": 839,
        "projectedWeek": -1,
        "restOfSeason": 1164,
      },
      "selected_position": null,
    },
  ],
  "undefined": [
    {
      "eligible_positions": [
        "OF",
        "Util",
      ],
      "injury_status": "Healthy",
      "is_editable": false,
      "is_playing": true,
      "is_starting": "N/A",
      "is_undroppable": false,
      "ownership": {
        "ownership_type": "freeagents",
      },
      "ownership": null,
        "percent_owned": 90,
        "percent_owned_delta": 0,
      "percent_started": 67,
      "player_key": "422.p.9861",
      "player_name": "Kyle Schwarber",
      "ranks": {
        "last14Days": 28,
        "last30Days": 33,
        "last4Weeks": -1,
        "next4Weeks": -1,
        "next7Days": 182,
        "projectedWeek": -1,
        "restOfSeason": 80,
      },
      "selected_position": null,
    },
    {
      "eligible_positions": [
        "OF",
        "Util",
      ],
      "injury_status": "Day-to-Day",
      "is_editable": false,
      "is_playing": true,
      "is_starting": "N/A",
      "is_undroppable": false,
      "ownership": {
        "ownership_type": "freeagents",
      },
      "ownership": null,
        "percent_owned": 91,
        "percent_owned_delta": 0,
      "percent_started": 88,
      "player_key": "422.p.10577",
      "player_name": "Bryan Reynolds",
      "ranks": {
        "last14Days": 182,
        "last30Days": 97,
        "last4Weeks": -1,
        "next4Weeks": -1,
        "next7Days": 57,
        "projectedWeek": -1,
        "restOfSeason": 50,
      },
      "selected_position": null,
    },
    {
      "eligible_positions": [
        "RP",
      ],
      "injury_status": "Healthy",
      "is_editable": false,
      "is_playing": true,
      "is_starting": "N/A",
      "is_undroppable": false,
      "ownership": {
        "ownership_type": "freeagents",
      },
      "ownership": null,
        "percent_owned": 90,
        "percent_owned_delta": 0,
      "percent_started": 89,
      "player_key": "422.p.11628",
      "player_name": "Devin Williams",
      "ranks": {
        "last14Days": 365,
        "last30Days": 174,
        "last4Weeks": -1,
        "next4Weeks": -1,
        "next7Days": 111,
        "projectedWeek": -1,
        "restOfSeason": 44,
      },
      "selected_position": null,
    },
    {
      "eligible_positions": [
        "SP",
      ],
      "injury_status": "Healthy",
      "is_editable": false,
      "is_playing": true,
      "is_starting": "N/A",
      "is_undroppable": false,
      "ownership": {
        "ownership_type": "freeagents",
      },
      "ownership": null,
        "percent_owned": 95,
        "percent_owned_delta": 0,
      "percent_started": 62,
      "player_key": "422.p.11235",
      "player_name": "Logan Webb",
      "ranks": {
        "last14Days": 55,
        "last30Days": 54,
        "last4Weeks": -1,
        "next4Weeks": -1,
        "next7Days": 258,
        "projectedWeek": -1,
        "restOfSeason": 42,
      },
      "selected_position": null,
    },
    {
      "eligible_positions": [
        "RP",
      ],
      "injury_status": "Healthy",
      "is_editable": false,
      "is_playing": true,
      "is_starting": "N/A",
      "is_undroppable": false,
      "ownership": {
        "ownership_type": "freeagents",
      },
      "percent_owned": 89,
      "percent_owned_delta": 1,
      "percent_started": 88,
      "player_key": "422.p.11536",
      "player_name": "Camilo Doval",
      "ranks": {
        "last14Days": 19,
        "last30Days": 28,
        "last4Weeks": -1,
        "next4Weeks": -1,
        "next7Days": 67,
        "projectedWeek": -1,
        "restOfSeason": 111,
      },
      "selected_position": null,
    },
    {
      "eligible_positions": [
        "C",
        "OF",
        "Util",
      ],
      "injury_status": "Healthy",
      "is_editable": false,
      "is_playing": true,
      "is_starting": "N/A",
      "is_undroppable": false,
      "ownership": {
        "ownership_type": "freeagents",
      },
      "ownership": null,
        "percent_owned": 90,
        "percent_owned_delta": 0,
      "percent_started": 87,
      "player_key": "422.p.10843",
      "player_name": "Daulton Varsho",
      "ranks": {
        "last14Days": 138,
        "last30Days": 42,
        "last4Weeks": -1,
        "next4Weeks": -1,
        "next7Days": 127,
        "projectedWeek": -1,
        "restOfSeason": 205,
      },
      "selected_position": null,
    },
    {
      "eligible_positions": [
        "3B",
        "Util",
      ],
      "injury_status": "Healthy",
      "is_editable": false,
      "is_playing": true,
      "is_starting": "N/A",
      "is_undroppable": false,
      "ownership": {
        "ownership_type": "freeagents",
      },
      "ownership": null,
        "percent_owned": 90,
        "percent_owned_delta": 0,
      "percent_started": 82,
      "player_key": "422.p.10183",
      "player_name": "Alex Bregman",
      "ranks": {
        "last14Days": 252,
        "last30Days": 66,
        "last4Weeks": -1,
        "next4Weeks": -1,
        "next7Days": 91,
        "projectedWeek": -1,
        "restOfSeason": 32,
      },
      "selected_position": null,
    },
    {
      "eligible_positions": [
        "RP",
      ],
      "injury_status": "Healthy",
      "is_editable": false,
      "is_playing": true,
      "is_starting": "N/A",
      "is_undroppable": false,
      "ownership": {
        "ownership_type": "freeagents",
      },
      "ownership": null,
        "percent_owned": 88,
        "percent_owned_delta": 0,
      "percent_started": 88,
      "player_key": "422.p.12301",
      "player_name": "Alexis Díaz",
      "ranks": {
        "last14Days": 11,
        "last30Days": 13,
        "last4Weeks": -1,
        "next4Weeks": -1,
        "next7Days": 173,
        "projectedWeek": -1,
        "restOfSeason": 122,
      },
      "selected_position": null,
    },
    {
      "eligible_positions": [
        "RP",
      ],
      "injury_status": "Healthy",
      "is_editable": false,
      "is_playing": true,
      "is_starting": "N/A",
      "is_undroppable": false,
      "ownership": {
        "ownership_type": "freeagents",
      },
      "ownership": null,
        "percent_owned": 83,
        "percent_owned_delta": 0,
      "percent_started": 82,
      "player_key": "422.p.9358",
      "player_name": "Ryan Pressly",
      "ranks": {
        "last14Days": 340,
        "last30Days": 217,
        "last4Weeks": -1,
        "next4Weeks": -1,
        "next7Days": 79,
        "projectedWeek": -1,
        "restOfSeason": 45,
      },
      "selected_position": null,
    },
    {
      "eligible_positions": [
        "OF",
        "Util",
      ],
      "injury_status": "Healthy",
      "is_editable": false,
      "is_playing": true,
      "is_starting": "N/A",
      "is_undroppable": false,
      "ownership": {
        "ownership_type": "freeagents",
      },
      "ownership": null,
        "percent_owned": 92,
        "percent_owned_delta": 0,
      "percent_started": 28,
      "player_key": "422.p.9108",
      "player_name": "Nick Castellanos",
      "ranks": {
        "last14Days": 202,
        "last30Days": 72,
        "last4Weeks": -1,
        "next4Weeks": -1,
        "next7Days": 210,
        "projectedWeek": -1,
        "restOfSeason": 71,
      },
      "selected_position": null,
    },
    {
      "eligible_positions": [
        "RP",
      ],
      "injury_status": "Healthy",
      "is_editable": false,
      "is_playing": true,
      "is_starting": "N/A",
      "is_undroppable": false,
      "ownership": {
        "ownership_type": "freeagents",
      },
      "ownership": null,
        "percent_owned": 86,
        "percent_owned_delta": 0,
      "percent_started": 85,
      "player_key": "422.p.11645",
      "player_name": "David Bednar",
      "ranks": {
        "last14Days": 533,
        "last30Days": 181,
        "last4Weeks": -1,
        "next4Weeks": -1,
        "next7Days": 37,
        "projectedWeek": -1,
        "restOfSeason": 64,
      },
      "selected_position": null,
    },
    {
      "eligible_positions": [
        "2B",
        "Util",
      ],
      "injury_status": "Healthy",
      "is_editable": false,
      "is_playing": true,
      "is_starting": "N/A",
      "is_undroppable": false,
      "ownership": {
        "ownership_type": "freeagents",
      },
      "percent_owned": 88,
      "percent_owned_delta": 1,
      "percent_started": 86,
      "player_key": "422.p.11292",
      "player_name": "Jonathan India",
      "ranks": {
        "last14Days": 42,
        "last30Days": 21,
        "last4Weeks": -1,
        "next4Weeks": -1,
        "next7Days": 94,
        "projectedWeek": -1,
        "restOfSeason": 132,
      },
      "selected_position": null,
    },
    {
      "eligible_positions": [
        "1B",
        "Util",
      ],
      "injury_status": "Healthy",
      "is_editable": false,
      "is_playing": true,
      "is_starting": "N/A",
      "is_undroppable": false,
      "ownership": {
        "ownership_type": "freeagents",
      },
      "ownership": null,
        "percent_owned": 87,
        "percent_owned_delta": 0,
      "percent_started": 84,
      "player_key": "422.p.11090",
      "player_name": "Nathaniel Lowe",
      "ranks": {
        "last14Days": 242,
        "last30Days": 143,
        "last4Weeks": -1,
        "next4Weeks": -1,
        "next7Days": 170,
        "projectedWeek": -1,
        "restOfSeason": 125,
      },
      "selected_position": null,
    },
    {
      "eligible_positions": [
        "SS",
        "Util",
      ],
      "injury_status": "Healthy",
      "is_editable": false,
      "is_playing": true,
      "is_starting": "N/A",
      "is_undroppable": false,
      "ownership": {
        "ownership_type": "freeagents",
      },
      "ownership": null,
        "percent_owned": 76,
        "percent_owned_delta": 0,
      "percent_started": 70,
      "player_key": "422.p.10234",
      "player_name": "Dansby Swanson",
      "ranks": {
        "last14Days": 332,
        "last30Days": 240,
        "last4Weeks": -1,
        "next4Weeks": -1,
        "next7Days": 217,
        "projectedWeek": -1,
        "restOfSeason": 100,
      },
      "selected_position": null,
    },
    {
      "eligible_positions": [
        "OF",
        "Util",
      ],
      "injury_status": "Healthy",
      "is_editable": false,
      "is_playing": true,
      "is_starting": "N/A",
      "is_undroppable": false,
      "ownership": {
        "ownership_type": "freeagents",
      },
      "ownership": null,
        "percent_owned": 86,
        "percent_owned_delta": 0,
      "percent_started": 84,
      "player_key": "422.p.9320",
      "player_name": "Christian Yelich",
      "ranks": {
        "last14Days": 39,
        "last30Days": 56,
        "last4Weeks": -1,
        "next4Weeks": -1,
        "next7Days": 110,
        "projectedWeek": -1,
        "restOfSeason": 101,
      },
      "selected_position": null,
    },
    {
      "eligible_positions": [
        "1B",
        "2B",
        "Util",
      ],
      "injury_status": "Healthy",
      "is_editable": false,
      "is_playing": true,
      "is_starting": "N/A",
      "is_undroppable": false,
      "ownership": {
        "ownership_type": "freeagents",
      },
      "percent_owned": 86,
      "percent_owned_delta": 1,
      "percent_started": 83,
      "player_key": "422.p.11221",
      "player_name": "Luis Arraez",
      "ranks": {
        "last14Days": 81,
        "last30Days": 30,
        "last4Weeks": -1,
        "next4Weeks": -1,
        "next7Days": 29,
        "projectedWeek": -1,
        "restOfSeason": 120,
      },
      "selected_position": null,
    },
    {
      "eligible_positions": [
        "RP",
      ],
      "injury_status": "Healthy",
      "is_editable": false,
      "is_playing": true,
      "is_starting": "N/A",
      "is_undroppable": false,
      "ownership": {
        "ownership_type": "freeagents",
      },
      "ownership": null,
        "percent_owned": 82,
        "percent_owned_delta": 0,
      "percent_started": 82,
      "player_key": "422.p.8758",
      "player_name": "Kenley Jansen",
      "ranks": {
        "last14Days": 53,
        "last30Days": 138,
        "last4Weeks": -1,
        "next4Weeks": -1,
        "next7Days": 42,
        "projectedWeek": -1,
        "restOfSeason": 53,
      },
      "selected_position": null,
    },
    {
      "eligible_positions": [
        "RP",
      ],
      "injury_status": "Healthy",
      "is_editable": false,
      "is_playing": true,
      "is_starting": "N/A",
      "is_undroppable": false,
      "ownership": {
        "ownership_type": "freeagents",
      },
      "percent_owned": 78,
      "percent_owned_delta": 1,
      "percent_started": 78,
      "player_key": "422.p.11495",
      "player_name": "Jhoan Duran",
      "ranks": {
        "last14Days": 309,
        "last30Days": 227,
        "last4Weeks": -1,
        "next4Weeks": -1,
        "next7Days": 121,
        "projectedWeek": -1,
        "restOfSeason": 90,
      },
      "selected_position": null,
    },
    {
      "eligible_positions": [
        "SP",
      ],
      "injury_status": "Healthy",
      "is_editable": false,
      "is_playing": true,
      "is_starting": "N/A",
      "is_undroppable": false,
      "ownership": {
        "ownership_type": "freeagents",
      },
      "ownership": null,
        "percent_owned": 85,
        "percent_owned_delta": 0,
      "percent_started": 55,
      "player_key": "422.p.10185",
      "player_name": "Joe Musgrove",
      "ranks": {
        "last14Days": 48,
        "last30Days": 41,
        "last4Weeks": -1,
        "next4Weeks": -1,
        "next7Days": 281,
        "projectedWeek": -1,
        "restOfSeason": 139,
      },
      "selected_position": null,
    },
    {
      "eligible_positions": [
        "SP",
        "IL",
      ],
      "injury_status": "60-Day Injured List",
      "is_editable": false,
      "is_playing": true,
      "is_starting": "N/A",
      "is_undroppable": false,
      "ownership": {
        "ownership_type": "freeagents",
      },
      "ownership": null,
        "percent_owned": 84,
        "percent_owned_delta": 0,
      "percent_started": null,
      "player_key": "422.p.9823",
      "player_name": "Carlos Rodón",
      "ranks": {
        "last14Days": 1981,
        "last30Days": 2057,
        "last4Weeks": -1,
        "next4Weeks": -1,
        "next7Days": 2004,
        "projectedWeek": -1,
        "restOfSeason": 301,
      },
      "selected_position": null,
    },
    {
      "eligible_positions": [
        "OF",
        "Util",
      ],
      "injury_status": "Healthy",
      "is_editable": false,
      "is_playing": true,
      "is_starting": "N/A",
      "is_undroppable": false,
      "ownership": {
        "ownership_type": "freeagents",
      },
      "percent_owned": 77,
      "percent_owned_delta": 1,
      "percent_started": 55,
      "player_key": "422.p.10366",
      "player_name": "Teoscar Hernández",
      "ranks": {
        "last14Days": 79,
        "last30Days": 186,
        "last4Weeks": -1,
        "next4Weeks": -1,
        "next7Days": 115,
        "projectedWeek": -1,
        "restOfSeason": 117,
      },
      "selected_position": null,
    },
    {
      "eligible_positions": [
        "3B",
        "SS",
        "Util",
      ],
      "injury_status": "Healthy",
      "is_editable": false,
      "is_playing": true,
      "is_starting": "N/A",
      "is_undroppable": false,
      "ownership": {
        "ownership_type": "freeagents",
      },
      "ownership": null,
        "percent_owned": 90,
        "percent_owned_delta": 0,
      "percent_started": 87,
      "player_key": "422.p.12393",
      "player_name": "Elly De La Cruz",
      "ranks": {
        "last14Days": 88,
        "last30Days": 329,
        "last4Weeks": -1,
        "next4Weeks": -1,
        "next7Days": 56,
        "projectedWeek": -1,
        "restOfSeason": 119,
      },
      "selected_position": null,
    },
    {
      "eligible_positions": [
        "2B",
        "SS",
        "Util",
      ],
      "injury_status": "Healthy",
      "is_editable": false,
      "is_playing": true,
      "is_starting": "N/A",
      "is_undroppable": false,
      "ownership": {
        "ownership_type": "freeagents",
      },
      "percent_owned": 80,
      "percent_owned_delta": 1,
      "percent_started": 76,
      "player_key": "422.p.11284",
      "player_name": "Nico Hoerner",
      "ranks": {
        "last14Days": 140,
        "last30Days": 92,
        "last4Weeks": -1,
        "next4Weeks": -1,
        "next7Days": 89,
        "projectedWeek": -1,
        "restOfSeason": 96,
      },
      "selected_position": null,
    },
    {
      "eligible_positions": [
        "SP",
      ],
      "injury_status": "Healthy",
      "is_editable": false,
      "is_playing": true,
      "is_starting": "N/A",
      "is_undroppable": false,
      "ownership": {
        "ownership_type": "freeagents",
      },
      "ownership": null,
        "percent_owned": 89,
        "percent_owned_delta": 0,
      "percent_started": 72,
      "player_key": "422.p.11251",
      "player_name": "Merrill Kelly",
      "ranks": {
        "last14Days": 31,
        "last30Days": 12,
        "last4Weeks": -1,
        "next4Weeks": -1,
        "next7Days": 25,
        "projectedWeek": -1,
        "restOfSeason": 108,
      },
      "selected_position": null,
    },
    {
      "eligible_positions": [
        "1B",
        "Util",
      ],
      "injury_status": "Healthy",
      "is_editable": false,
      "is_playing": true,
      "is_starting": "N/A",
      "is_undroppable": false,
      "ownership": {
        "ownership_type": "freeagents",
      },
      "percent_owned": 83,
      "percent_owned_delta": 1,
      "percent_started": 81,
      "player_key": "422.p.9846",
      "player_name": "Christian Walker",
      "ranks": {
        "last14Days": 10,
        "last30Days": 37,
        "last4Weeks": -1,
        "next4Weeks": -1,
        "next7Days": 32,
        "projectedWeek": -1,
        "restOfSeason": 79,
      },
      "selected_position": null,
    },
  ],
}
`;
