// Vitest Snapshot v1, https://vitest.dev/guide/snapshot.html

exports[`Test fetchRostersFromYahoo > Irish Lacrosse roster - weekly max pickups 1`] = `
[
  {
    "coverage_period": "2023-03-17",
    "coverage_type": "date",
    "current_season_adds": 20,
    "current_weekly_adds": 1,
    "edit_key": "2023-03-17",
    "end_date": 1680505199999,
    "faab_balance": -1,
    "game_code": "nhl",
    "league_name": "Irish Lacrosse",
    "max_season_adds": 50,
    "max_weekly_adds": 7,
    "num_teams": 12,
    "players": [
      {
        "eligible_positions": [
          "C",
          "RW",
        ],
        "injury_status": "Healthy",
        "is_editable": false,
        "is_playing": true,
        "is_starting": "N/A",
        "is_undroppable": false,
        "percent_owned": 23,
        "percent_owned_delta": 8,
        "percent_started": 19,
        "player_key": "419.p.7535",
        "player_name": "Robert Thomas",
        "ranks": {
          "last14Days": 118,
          "last30Days": 170,
          "last4Weeks": -1,
          "next4Weeks": -1,
          "next7Days": 190,
          "projectedWeek": -1,
          "restOfSeason": 93,
        },
        "selected_position": "C",
      },
      {
        "eligible_positions": [
          "C",
          "LW",
        ],
        "injury_status": "Healthy",
        "is_editable": false,
        "is_playing": true,
        "is_starting": "N/A",
        "is_undroppable": false,
        "percent_owned": 96,
        "percent_owned_delta": -1,
        "percent_started": 76,
        "player_key": "419.p.4681",
        "player_name": "John Tavares",
        "ranks": {
          "last14Days": 134,
          "last30Days": 48,
          "last4Weeks": -1,
          "next4Weeks": -1,
          "next7Days": 93,
          "projectedWeek": -1,
          "restOfSeason": 20,
        },
        "selected_position": "C",
      },
      {
        "eligible_positions": [
          "LW",
        ],
        "injury_status": "Healthy",
        "is_editable": true,
        "is_playing": false,
        "is_starting": "N/A",
        "is_undroppable": false,
        "percent_owned": 99,
        "percent_owned_delta": -1,
        "percent_started": 80,
        "player_key": "419.p.7902",
        "player_name": "Brady Tkachuk",
        "ranks": {
          "last14Days": 55,
          "last30Days": 17,
          "last4Weeks": -1,
          "next4Weeks": -1,
          "next7Days": 7,
          "projectedWeek": -1,
          "restOfSeason": 5,
        },
        "selected_position": "LW",
      },
      {
        "eligible_positions": [
          "LW",
          "RW",
        ],
        "injury_status": "Healthy",
        "is_editable": true,
        "is_playing": false,
        "is_starting": "N/A",
        "is_undroppable": false,
        "percent_owned": 97,
        "percent_owned_delta": -1,
        "percent_started": 72,
        "player_key": "419.p.6751",
        "player_name": "Timo Meier",
        "ranks": {
          "last14Days": 71,
          "last30Days": 282,
          "last4Weeks": -1,
          "next4Weeks": -1,
          "next7Days": 11,
          "projectedWeek": -1,
          "restOfSeason": 19,
        },
        "selected_position": "LW",
      },
      {
        "eligible_positions": [
          "C",
          "RW",
        ],
        "injury_status": "Healthy",
        "is_editable": true,
        "is_playing": false,
        "is_starting": "N/A",
        "is_undroppable": false,
        "percent_owned": 93,
        "percent_owned_delta": -1,
        "percent_started": 72,
        "player_key": "419.p.3985",
        "player_name": "Joe Pavelski",
        "ranks": {
          "last14Days": 38,
          "last30Days": 75,
          "last4Weeks": -1,
          "next4Weeks": -1,
          "next7Days": 154,
          "projectedWeek": -1,
          "restOfSeason": 68,
        },
        "selected_position": "RW",
      },
      {
        "eligible_positions": [
          "RW",
        ],
        "injury_status": "Healthy",
        "is_editable": false,
        "is_playing": true,
        "is_starting": "N/A",
        "is_undroppable": false,
        "percent_owned": 78,
        "percent_owned_delta": -1,
        "percent_started": 63,
        "player_key": "419.p.7527",
        "player_name": "Martin Necas",
        "ranks": {
          "last14Days": 26,
          "last30Days": 64,
          "last4Weeks": -1,
          "next4Weeks": -1,
          "next7Days": 212,
          "projectedWeek": -1,
          "restOfSeason": 236,
        },
        "selected_position": "RW",
      },
      {
        "eligible_positions": [
          "D",
        ],
        "injury_status": "Healthy",
        "is_editable": true,
        "is_playing": false,
        "is_starting": "N/A",
        "is_undroppable": false,
        "percent_owned": 88,
        "percent_owned_delta": -1,
        "percent_started": 78,
        "player_key": "419.p.5986",
        "player_name": "Darnell Nurse",
        "ranks": {
          "last14Days": 259,
          "last30Days": 169,
          "last4Weeks": -1,
          "next4Weeks": -1,
          "next7Days": 141,
          "projectedWeek": -1,
          "restOfSeason": 185,
        },
        "selected_position": "D",
      },
      {
        "eligible_positions": [
          "D",
        ],
        "injury_status": "Healthy",
        "is_editable": true,
        "is_playing": false,
        "is_starting": "N/A",
        "is_undroppable": false,
        "percent_owned": 90,
        "percent_owned_delta": 1,
        "percent_started": 79,
        "player_key": "419.p.4064",
        "player_name": "Kris Letang",
        "ranks": {
          "last14Days": 9,
          "last30Days": 11,
          "last4Weeks": -1,
          "next4Weeks": -1,
          "next7Days": 50,
          "projectedWeek": -1,
          "restOfSeason": 78,
        },
        "selected_position": "D",
      },
      {
        "eligible_positions": [
          "D",
        ],
        "injury_status": "Healthy",
        "is_editable": true,
        "is_playing": false,
        "is_starting": "N/A",
        "is_undroppable": false,
        "percent_owned": 63,
        "percent_owned_delta": -1,
        "percent_started": 54,
        "player_key": "419.p.7124",
        "player_name": "Jakob Chychrun",
        "ranks": {
          "last14Days": 184,
          "last30Days": 511,
          "last4Weeks": -1,
          "next4Weeks": -1,
          "next7Days": 155,
          "projectedWeek": -1,
          "restOfSeason": 369,
        },
        "selected_position": "D",
      },
      {
        "eligible_positions": [
          "D",
        ],
        "injury_status": "Healthy",
        "is_editable": true,
        "is_playing": false,
        "is_starting": "N/A",
        "is_undroppable": false,
        "percent_owned": 27,
        "percent_owned_delta": -3,
        "percent_started": 24,
        "player_key": "419.p.8282",
        "player_name": "Bowen Byram",
        "ranks": {
          "last14Days": 161,
          "last30Days": 128,
          "last4Weeks": -1,
          "next4Weeks": -1,
          "next7Days": 119,
          "projectedWeek": -1,
          "restOfSeason": 299,
        },
        "selected_position": "D",
      },
      {
        "eligible_positions": [
          "C",
        ],
        "injury_status": "Healthy",
        "is_editable": true,
        "is_playing": false,
        "is_starting": "N/A",
        "is_undroppable": false,
        "percent_owned": 70,
        "percent_owned_delta": -1,
        "percent_started": 49,
        "player_key": "419.p.3788",
        "player_name": "Anze Kopitar",
        "ranks": {
          "last14Days": 312,
          "last30Days": 87,
          "last4Weeks": -1,
          "next4Weeks": -1,
          "next7Days": 136,
          "projectedWeek": -1,
          "restOfSeason": 62,
        },
        "selected_position": "BN",
      },
      {
        "eligible_positions": [
          "LW",
        ],
        "injury_status": "Healthy",
        "is_editable": true,
        "is_playing": false,
        "is_starting": "N/A",
        "is_undroppable": false,
        "percent_owned": 85,
        "percent_owned_delta": -1,
        "percent_started": 63,
        "player_key": "419.p.7147",
        "player_name": "Alex DeBrincat",
        "ranks": {
          "last14Days": 146,
          "last30Days": 61,
          "last4Weeks": -1,
          "next4Weeks": -1,
          "next7Days": 42,
          "projectedWeek": -1,
          "restOfSeason": 48,
        },
        "selected_position": "BN",
      },
      {
        "eligible_positions": [
          "LW",
          "RW",
        ],
        "injury_status": "Healthy",
        "is_editable": true,
        "is_playing": false,
        "is_starting": "N/A",
        "is_undroppable": false,
        "percent_owned": 70,
        "percent_owned_delta": 4,
        "percent_started": 53,
        "player_key": "419.p.7115",
        "player_name": "Clayton Keller",
        "ranks": {
          "last14Days": 12,
          "last30Days": 19,
          "last4Weeks": -1,
          "next4Weeks": -1,
          "next7Days": 37,
          "projectedWeek": -1,
          "restOfSeason": 72,
        },
        "selected_position": "BN",
      },
      {
        "eligible_positions": [
          "D",
          "IR+",
        ],
        "injury_status": "Day-to-Day",
        "is_editable": true,
        "is_playing": false,
        "is_starting": "N/A",
        "is_undroppable": false,
        "percent_owned": 31,
        "percent_owned_delta": -3,
        "percent_started": 20,
        "player_key": "419.p.4849",
        "player_name": "Jeff Petry",
        "ranks": {
          "last14Days": 170,
          "last30Days": 77,
          "last4Weeks": -1,
          "next4Weeks": -1,
          "next7Days": 83,
          "projectedWeek": -1,
          "restOfSeason": 180,
        },
        "selected_position": "BN",
      },
      {
        "eligible_positions": [
          "C",
        ],
        "injury_status": "Healthy",
        "is_editable": true,
        "is_playing": false,
        "is_starting": "N/A",
        "is_undroppable": false,
        "percent_owned": 15,
        "percent_owned_delta": -1,
        "percent_started": 10,
        "player_key": "419.p.7528",
        "player_name": "Nick Suzuki",
        "ranks": {
          "last14Days": 250,
          "last30Days": 227,
          "last4Weeks": -1,
          "next4Weeks": -1,
          "next7Days": 99,
          "projectedWeek": -1,
          "restOfSeason": 59,
        },
        "selected_position": "BN",
      },
      {
        "eligible_positions": [
          "C",
        ],
        "injury_status": "Healthy",
        "is_editable": true,
        "is_playing": false,
        "is_starting": "N/A",
        "is_undroppable": false,
        "percent_owned": 12,
        "percent_owned_delta": 18,
        "percent_started": 9,
        "player_key": "419.p.7903",
        "player_name": "Barrett Hayton",
        "ranks": {
          "last14Days": 17,
          "last30Days": 58,
          "last4Weeks": -1,
          "next4Weeks": -1,
          "next7Days": 97,
          "projectedWeek": -1,
          "restOfSeason": 193,
        },
        "selected_position": "BN",
      },
      {
        "eligible_positions": [
          "G",
        ],
        "injury_status": "Healthy",
        "is_editable": true,
        "is_playing": false,
        "is_starting": "N/A",
        "is_undroppable": false,
        "percent_owned": 49,
        "percent_owned_delta": 1,
        "percent_started": 30,
        "player_key": "419.p.7593",
        "player_name": "Stuart Skinner",
        "ranks": {
          "last14Days": 87,
          "last30Days": 94,
          "last4Weeks": -1,
          "next4Weeks": -1,
          "next7Days": 25,
          "projectedWeek": -1,
          "restOfSeason": 103,
        },
        "selected_position": "G",
      },
      {
        "eligible_positions": [
          "G",
        ],
        "injury_status": "Healthy",
        "is_editable": true,
        "is_playing": false,
        "is_starting": "N/A",
        "is_undroppable": false,
        "percent_owned": 99,
        "percent_owned_delta": -1,
        "percent_started": 76,
        "player_key": "419.p.6486",
        "player_name": "Igor Shesterkin",
        "ranks": {
          "last14Days": 81,
          "last30Days": 229,
          "last4Weeks": -1,
          "next4Weeks": -1,
          "next7Days": 39,
          "projectedWeek": -1,
          "restOfSeason": 18,
        },
        "selected_position": "G",
      },
      {
        "eligible_positions": [
          "G",
        ],
        "injury_status": "Healthy",
        "is_editable": true,
        "is_playing": false,
        "is_starting": "N/A",
        "is_undroppable": false,
        "percent_owned": 27,
        "percent_owned_delta": 5,
        "percent_started": 15,
        "player_key": "419.p.5753",
        "player_name": "Joonas Korpisalo",
        "ranks": {
          "last14Days": 46,
          "last30Days": 34,
          "last4Weeks": -1,
          "next4Weeks": -1,
          "next7Days": 98,
          "projectedWeek": -1,
          "restOfSeason": 174,
        },
        "selected_position": "BN",
      },
      {
        "eligible_positions": [
          "LW",
          "RW",
          "IR+",
        ],
        "injury_status": "Day-to-Day",
        "is_editable": true,
        "is_playing": false,
        "is_starting": "N/A",
        "is_undroppable": false,
        "percent_owned": 89,
        "percent_owned_delta": -1,
        "percent_started": 25,
        "player_key": "419.p.6377",
        "player_name": "Kevin Fiala",
        "ranks": {
          "last14Days": 347,
          "last30Days": 105,
          "last4Weeks": -1,
          "next4Weeks": -1,
          "next7Days": 586,
          "projectedWeek": -1,
          "restOfSeason": 86,
        },
        "selected_position": "IR+",
      },
    ],
    "roster_positions": {
      "BN": 7,
      "C": 2,
      "D": 4,
      "G": 2,
      "IR": 2,
      "IR+": 1,
      "LW": 2,
      "NA": 2,
      "RW": 2,
    },
    "scoring_type": "head",
    "start_date": 1665126000000,
    "team_key": "419.l.19947.t.6",
    "team_name": "Gudas Hell",
    "transactions": [],
    "waiver_rule": "all",
    "weekly_deadline": "intraday",
  },
]
`;

exports[`Test fetchRostersFromYahoo > NBA Weekly League - editable 1`] = `
[
  {
    "coverage_period": "2023-03-21",
    "coverage_type": "date",
    "current_season_adds": 2,
    "current_weekly_adds": 0,
    "edit_key": "2023-03-27",
    "end_date": 1680505199999,
    "faab_balance": -1,
    "game_code": "nba",
    "league_name": "Late Season league",
    "max_season_adds": -1,
    "max_weekly_adds": -1,
    "num_teams": 7,
    "players": [
      {
        "eligible_positions": [
          "PG",
          "G",
          "Util",
        ],
        "injury_status": "Healthy",
        "is_editable": false,
        "is_playing": false,
        "is_starting": "N/A",
        "is_undroppable": false,
        "percent_owned": 96,
        "percent_owned_delta": -1,
        "percent_started": 49,
        "player_key": "418.p.3930",
        "player_name": "Chris Paul",
        "ranks": {
          "last14Days": 34,
          "last30Days": 57,
          "last4Weeks": -1,
          "next4Weeks": -1,
          "next7Days": 70,
          "projectedWeek": -1,
          "restOfSeason": 102,
        },
        "selected_position": "PG",
      },
      {
        "eligible_positions": [
          "PG",
          "SG",
          "G",
          "Util",
        ],
        "injury_status": "Healthy",
        "is_editable": false,
        "is_playing": false,
        "is_starting": "N/A",
        "is_undroppable": false,
        "percent_owned": 93,
        "percent_owned_delta": -1,
        "percent_started": 43,
        "player_key": "418.p.5433",
        "player_name": "D'Angelo Russell",
        "ranks": {
          "last14Days": 43,
          "last30Days": 163,
          "last4Weeks": -1,
          "next4Weeks": -1,
          "next7Days": 67,
          "projectedWeek": -1,
          "restOfSeason": 86,
        },
        "selected_position": "SG",
      },
      {
        "eligible_positions": [
          "PG",
          "SG",
          "G",
          "Util",
        ],
        "injury_status": "Out (short-term injury)",
        "is_editable": false,
        "is_playing": false,
        "is_starting": "N/A",
        "is_undroppable": false,
        "percent_owned": 87,
        "percent_owned_delta": -1,
        "percent_started": 39,
        "player_key": "418.p.6035",
        "player_name": "Anfernee Simons",
        "ranks": {
          "last14Days": 141,
          "last30Days": 241,
          "last4Weeks": -1,
          "next4Weeks": -1,
          "next7Days": 91,
          "projectedWeek": -1,
          "restOfSeason": 56,
        },
        "selected_position": "G",
      },
      {
        "eligible_positions": [
          "SG",
          "G",
          "SF",
          "PF",
          "F",
          "Util",
        ],
        "injury_status": "Healthy",
        "is_editable": false,
        "is_playing": true,
        "is_starting": "N/A",
        "is_undroppable": true,
        "percent_owned": 99,
        "percent_owned_delta": -1,
        "percent_started": 92,
        "player_key": "418.p.4725",
        "player_name": "Paul George",
        "ranks": {
          "last14Days": 59,
          "last30Days": 26,
          "last4Weeks": -1,
          "next4Weeks": -1,
          "next7Days": 39,
          "projectedWeek": -1,
          "restOfSeason": 35,
        },
        "selected_position": "SF",
      },
      {
        "eligible_positions": [
          "SF",
          "PF",
          "F",
          "Util",
        ],
        "injury_status": "Healthy",
        "is_editable": false,
        "is_playing": false,
        "is_starting": "N/A",
        "is_undroppable": false,
        "percent_owned": 75,
        "percent_owned_delta": -2,
        "percent_started": 39,
        "player_key": "418.p.5295",
        "player_name": "Aaron Gordon",
        "ranks": {
          "last14Days": 82,
          "last30Days": 119,
          "last4Weeks": -1,
          "next4Weeks": -1,
          "next7Days": 171,
          "projectedWeek": -1,
          "restOfSeason": 61,
        },
        "selected_position": "PF",
      },
      {
        "eligible_positions": [
          "SG",
          "G",
          "SF",
          "F",
          "Util",
        ],
        "injury_status": "Healthy",
        "is_editable": false,
        "is_playing": true,
        "is_starting": "N/A",
        "is_undroppable": false,
        "percent_owned": 97,
        "percent_owned_delta": -1,
        "percent_started": 90,
        "player_key": "418.p.6021",
        "player_name": "Mikal Bridges",
        "ranks": {
          "last14Days": 37,
          "last30Days": 24,
          "last4Weeks": -1,
          "next4Weeks": -1,
          "next7Days": 22,
          "projectedWeek": -1,
          "restOfSeason": 29,
        },
        "selected_position": "F",
      },
      {
        "eligible_positions": [
          "PF",
          "F",
          "C",
          "Util",
        ],
        "injury_status": "Healthy",
        "is_editable": false,
        "is_playing": true,
        "is_starting": "N/A",
        "is_undroppable": false,
        "percent_owned": 87,
        "percent_owned_delta": 1,
        "percent_started": 79,
        "player_key": "418.p.6018",
        "player_name": "Wendell Carter Jr.",
        "ranks": {
          "last14Days": 75,
          "last30Days": 95,
          "last4Weeks": -1,
          "next4Weeks": -1,
          "next7Days": 100,
          "projectedWeek": -1,
          "restOfSeason": 111,
        },
        "selected_position": "C",
      },
      {
        "eligible_positions": [
          "C",
          "Util",
        ],
        "injury_status": "Healthy",
        "is_editable": false,
        "is_playing": false,
        "is_starting": "N/A",
        "is_undroppable": true,
        "percent_owned": 100,
        "percent_owned_delta": -1,
        "percent_started": 62,
        "player_key": "418.p.5352",
        "player_name": "Nikola Jokic",
        "ranks": {
          "last14Days": 2,
          "last30Days": 2,
          "last4Weeks": -1,
          "next4Weeks": -1,
          "next7Days": 57,
          "projectedWeek": -1,
          "restOfSeason": 2,
        },
        "selected_position": "C",
      },
      {
        "eligible_positions": [
          "SF",
          "PF",
          "F",
          "Util",
        ],
        "injury_status": "Healthy",
        "is_editable": false,
        "is_playing": false,
        "is_starting": "N/A",
        "is_undroppable": false,
        "percent_owned": 84,
        "percent_owned_delta": -1,
        "percent_started": 57,
        "player_key": "418.p.4901",
        "player_name": "Tobias Harris",
        "ranks": {
          "last14Days": 69,
          "last30Days": 104,
          "last4Weeks": -1,
          "next4Weeks": -1,
          "next7Days": 80,
          "projectedWeek": -1,
          "restOfSeason": 96,
        },
        "selected_position": "Util",
      },
      {
        "eligible_positions": [
          "C",
          "Util",
        ],
        "injury_status": "Healthy",
        "is_editable": false,
        "is_playing": false,
        "is_starting": "N/A",
        "is_undroppable": false,
        "percent_owned": 96,
        "percent_owned_delta": -1,
        "percent_started": 74,
        "player_key": "418.p.5471",
        "player_name": "Myles Turner",
        "ranks": {
          "last14Days": 147,
          "last30Days": 81,
          "last4Weeks": -1,
          "next4Weeks": -1,
          "next7Days": 26,
          "projectedWeek": -1,
          "restOfSeason": 74,
        },
        "selected_position": "Util",
      },
      {
        "eligible_positions": [
          "PG",
          "SG",
          "G",
          "Util",
        ],
        "injury_status": "Healthy",
        "is_editable": false,
        "is_playing": true,
        "is_starting": "N/A",
        "is_undroppable": true,
        "percent_owned": 99,
        "percent_owned_delta": -1,
        "percent_started": 83,
        "player_key": "418.p.5826",
        "player_name": "Donovan Mitchell",
        "ranks": {
          "last14Days": 90,
          "last30Days": 30,
          "last4Weeks": -1,
          "next4Weeks": -1,
          "next7Days": 34,
          "projectedWeek": -1,
          "restOfSeason": 19,
        },
        "selected_position": "BN",
      },
      {
        "eligible_positions": [
          "SF",
          "PF",
          "F",
          "Util",
        ],
        "injury_status": "Healthy",
        "is_editable": false,
        "is_playing": false,
        "is_starting": "N/A",
        "is_undroppable": false,
        "percent_owned": 84,
        "percent_owned_delta": -1,
        "percent_started": 45,
        "player_key": "418.p.6025",
        "player_name": "Michael Porter Jr.",
        "ranks": {
          "last14Days": 85,
          "last30Days": 75,
          "last4Weeks": -1,
          "next4Weeks": -1,
          "next7Days": 188,
          "projectedWeek": -1,
          "restOfSeason": 128,
        },
        "selected_position": "BN",
      },
      {
        "eligible_positions": [
          "C",
          "Util",
        ],
        "injury_status": "Healthy",
        "is_editable": false,
        "is_playing": false,
        "is_starting": "N/A",
        "is_undroppable": false,
        "percent_owned": 56,
        "percent_owned_delta": -1,
        "percent_started": 42,
        "player_key": "418.p.6047",
        "player_name": "Mitchell Robinson",
        "ranks": {
          "last14Days": 123,
          "last30Days": 100,
          "last4Weeks": -1,
          "next4Weeks": -1,
          "next7Days": 129,
          "projectedWeek": -1,
          "restOfSeason": 106,
        },
        "selected_position": "BN",
      },
      {
        "eligible_positions": [
          "PG",
          "SG",
          "G",
          "Util",
          "IL",
        ],
        "injury_status": "Injured (IL-eligible)",
        "is_editable": false,
        "is_playing": false,
        "is_starting": "N/A",
        "is_undroppable": true,
        "percent_owned": 99,
        "percent_owned_delta": -1,
        "percent_started": 10,
        "player_key": "418.p.6404",
        "player_name": "Tyrese Haliburton",
        "ranks": {
          "last14Days": 270,
          "last30Days": 105,
          "last4Weeks": -1,
          "next4Weeks": -1,
          "next7Days": 440,
          "projectedWeek": -1,
          "restOfSeason": 7,
        },
        "selected_position": "IL",
      },
      {
        "eligible_positions": [
          "PF",
          "F",
          "C",
          "Util",
          "IL",
        ],
        "injury_status": "Injured (IL-eligible)",
        "is_editable": false,
        "is_playing": true,
        "is_starting": "N/A",
        "is_undroppable": false,
        "percent_owned": 62,
        "percent_owned_delta": -1,
        "percent_started": 1,
        "player_key": "418.p.6163",
        "player_name": "Zion Williamson",
        "ranks": {
          "last14Days": 401,
          "last30Days": 443,
          "last4Weeks": -1,
          "next4Weeks": -1,
          "next7Days": 393,
          "projectedWeek": -1,
          "restOfSeason": 28,
        },
        "selected_position": "IL",
      },
    ],
    "roster_positions": {
      "BN": 3,
      "C": 2,
      "F": 1,
      "G": 1,
      "IL": 3,
      "PF": 1,
      "PG": 1,
      "SF": 1,
      "SG": 1,
      "Util": 2,
    },
    "scoring_type": "point",
    "start_date": 1674460800000,
    "team_key": "418.l.201581.t.1",
    "team_name": "Jeff's Nice Team",
    "transactions": [],
    "waiver_rule": "all",
    "weekly_deadline": "1",
  },
]
`;

exports[`Test fetchRostersFromYahoo > Two NHL, two NBA for Jeff Barnes 1`] = `
[
  {
    "coverage_period": "2023-03-17",
    "coverage_type": "date",
    "current_season_adds": 7,
    "current_weekly_adds": 0,
    "edit_key": "2023-03-17",
    "end_date": 1681541999999,
    "faab_balance": 100,
    "game_code": "nhl",
    "league_name": "Yahoo Public 91560",
    "max_season_adds": -1,
    "max_weekly_adds": 4,
    "num_teams": 12,
    "players": [
      {
        "eligible_positions": [
          "C",
        ],
        "injury_status": "Healthy",
        "is_editable": true,
        "is_playing": false,
        "is_starting": "N/A",
        "is_undroppable": false,
        "percent_owned": 92,
        "percent_owned_delta": -1,
        "percent_started": 69,
        "player_key": "419.p.6744",
        "player_name": "Jack Eichel",
        "ranks": {
          "last14Days": 59,
          "last30Days": 36,
          "last4Weeks": -1,
          "next4Weeks": -1,
          "next7Days": 73,
          "projectedWeek": -1,
          "restOfSeason": 30,
        },
        "selected_position": "C",
      },
      {
        "eligible_positions": [
          "C",
        ],
        "injury_status": "Healthy",
        "is_editable": false,
        "is_playing": true,
        "is_starting": "N/A",
        "is_undroppable": false,
        "percent_owned": 93,
        "percent_owned_delta": -1,
        "percent_started": 73,
        "player_key": "419.p.6777",
        "player_name": "Sebastian Aho",
        "ranks": {
          "last14Days": 209,
          "last30Days": 140,
          "last4Weeks": -1,
          "next4Weeks": -1,
          "next7Days": 61,
          "projectedWeek": -1,
          "restOfSeason": 5,
        },
        "selected_position": "C",
      },
      {
        "eligible_positions": [
          "LW",
          "RW",
        ],
        "injury_status": "Day-to-Day",
        "is_editable": true,
        "is_playing": false,
        "is_starting": "N/A",
        "is_undroppable": false,
        "percent_owned": 89,
        "percent_owned_delta": -1,
        "percent_started": 25,
        "player_key": "419.p.6377",
        "player_name": "Kevin Fiala",
        "ranks": {
          "last14Days": 247,
          "last30Days": 97,
          "last4Weeks": -1,
          "next4Weeks": -1,
          "next7Days": 549,
          "projectedWeek": -1,
          "restOfSeason": 75,
        },
        "selected_position": "LW",
      },
      {
        "eligible_positions": [
          "LW",
        ],
        "injury_status": "Healthy",
        "is_editable": true,
        "is_playing": false,
        "is_starting": "N/A",
        "is_undroppable": false,
        "percent_owned": 2,
        "percent_owned_delta": -1,
        "percent_started": 2,
        "player_key": "419.p.5573",
        "player_name": "Ondrej Palat",
        "ranks": {
          "last14Days": 268,
          "last30Days": 364,
          "last4Weeks": -1,
          "next4Weeks": -1,
          "next7Days": 134,
          "projectedWeek": -1,
          "restOfSeason": 241,
        },
        "selected_position": "LW",
      },
      {
        "eligible_positions": [
          "RW",
        ],
        "injury_status": "Healthy",
        "is_editable": false,
        "is_playing": true,
        "is_starting": "N/A",
        "is_undroppable": true,
        "percent_owned": 99,
        "percent_owned_delta": -1,
        "percent_started": 82,
        "player_key": "419.p.6746",
        "player_name": "Mitch Marner",
        "ranks": {
          "last14Days": 93,
          "last30Days": 15,
          "last4Weeks": -1,
          "next4Weeks": -1,
          "next7Days": 47,
          "projectedWeek": -1,
          "restOfSeason": 16,
        },
        "selected_position": "RW",
      },
      {
        "eligible_positions": [
          "RW",
        ],
        "injury_status": "Healthy",
        "is_editable": true,
        "is_playing": false,
        "is_starting": "N/A",
        "is_undroppable": false,
        "percent_owned": 84,
        "percent_owned_delta": -1,
        "percent_started": 64,
        "player_key": "419.p.4240",
        "player_name": "Patrick Kane",
        "ranks": {
          "last14Days": 142,
          "last30Days": 63,
          "last4Weeks": -1,
          "next4Weeks": -1,
          "next7Days": 77,
          "projectedWeek": -1,
          "restOfSeason": 54,
        },
        "selected_position": "RW",
      },
      {
        "eligible_positions": [
          "D",
        ],
        "injury_status": "Healthy",
        "is_editable": true,
        "is_playing": false,
        "is_starting": "N/A",
        "is_undroppable": false,
        "percent_owned": 73,
        "percent_owned_delta": -1,
        "percent_started": 64,
        "player_key": "419.p.6005",
        "player_name": "Shea Theodore",
        "ranks": {
          "last14Days": 308,
          "last30Days": 176,
          "last4Weeks": -1,
          "next4Weeks": -1,
          "next7Days": 245,
          "projectedWeek": -1,
          "restOfSeason": 165,
        },
        "selected_position": "D",
      },
      {
        "eligible_positions": [
          "D",
        ],
        "injury_status": "Healthy",
        "is_editable": true,
        "is_playing": false,
        "is_starting": "N/A",
        "is_undroppable": false,
        "percent_owned": 81,
        "percent_owned_delta": -1,
        "percent_started": 72,
        "player_key": "419.p.4472",
        "player_name": "Drew Doughty",
        "ranks": {
          "last14Days": 99,
          "last30Days": 93,
          "last4Weeks": -1,
          "next4Weeks": -1,
          "next7Days": 169,
          "projectedWeek": -1,
          "restOfSeason": 118,
        },
        "selected_position": "D",
      },
      {
        "eligible_positions": [
          "D",
        ],
        "injury_status": "Healthy",
        "is_editable": false,
        "is_playing": true,
        "is_starting": "N/A",
        "is_undroppable": false,
        "percent_owned": 7,
        "percent_owned_delta": -1,
        "percent_started": 6,
        "player_key": "419.p.5708",
        "player_name": "Brady Skjei",
        "ranks": {
          "last14Days": 343,
          "last30Days": 422,
          "last4Weeks": -1,
          "next4Weeks": -1,
          "next7Days": 330,
          "projectedWeek": -1,
          "restOfSeason": 189,
        },
        "selected_position": "D",
      },
      {
        "eligible_positions": [
          "D",
        ],
        "injury_status": "Healthy",
        "is_editable": false,
        "is_playing": true,
        "is_starting": "N/A",
        "is_undroppable": false,
        "percent_owned": 6,
        "percent_owned_delta": 2,
        "percent_started": 5,
        "player_key": "419.p.8877",
        "player_name": "Owen Power",
        "ranks": {
          "last14Days": 448,
          "last30Days": 264,
          "last4Weeks": -1,
          "next4Weeks": -1,
          "next7Days": 320,
          "projectedWeek": -1,
          "restOfSeason": 191,
        },
        "selected_position": "D",
      },
      {
        "eligible_positions": [
          "C",
        ],
        "injury_status": "Healthy",
        "is_editable": true,
        "is_playing": false,
        "is_starting": "N/A",
        "is_undroppable": false,
        "percent_owned": 29,
        "percent_owned_delta": -2,
        "percent_started": 18,
        "player_key": "419.p.6370",
        "player_name": "Sam Bennett",
        "ranks": {
          "last14Days": 97,
          "last30Days": 369,
          "last4Weeks": -1,
          "next4Weeks": -1,
          "next7Days": 35,
          "projectedWeek": -1,
          "restOfSeason": 67,
        },
        "selected_position": "BN",
      },
      {
        "eligible_positions": [
          "D",
        ],
        "injury_status": "Healthy",
        "is_editable": true,
        "is_playing": false,
        "is_starting": "N/A",
        "is_undroppable": false,
        "percent_owned": 27,
        "percent_owned_delta": -3,
        "percent_started": 24,
        "player_key": "419.p.8282",
        "player_name": "Bowen Byram",
        "ranks": {
          "last14Days": 331,
          "last30Days": 138,
          "last4Weeks": -1,
          "next4Weeks": -1,
          "next7Days": 89,
          "projectedWeek": -1,
          "restOfSeason": 258,
        },
        "selected_position": "BN",
      },
      {
        "eligible_positions": [
          "LW",
        ],
        "injury_status": "Out",
        "is_editable": true,
        "is_playing": false,
        "is_starting": "N/A",
        "is_undroppable": false,
        "percent_owned": 77,
        "percent_owned_delta": -4,
        "percent_started": 5,
        "player_key": "419.p.6877",
        "player_name": "Kirill Kaprizov",
        "ranks": {
          "last14Days": 547,
          "last30Days": 50,
          "last4Weeks": -1,
          "next4Weeks": -1,
          "next7Days": 1591,
          "projectedWeek": -1,
          "restOfSeason": 74,
        },
        "selected_position": "BN",
      },
      {
        "eligible_positions": [
          "C",
        ],
        "injury_status": "Healthy",
        "is_editable": true,
        "is_playing": false,
        "is_starting": "N/A",
        "is_undroppable": false,
        "percent_owned": 9,
        "percent_owned_delta": -2,
        "percent_started": 6,
        "player_key": "419.p.8878",
        "player_name": "Matty Beniers",
        "ranks": {
          "last14Days": 422,
          "last30Days": 186,
          "last4Weeks": -1,
          "next4Weeks": -1,
          "next7Days": 339,
          "projectedWeek": -1,
          "restOfSeason": 309,
        },
        "selected_position": "BN",
      },
      {
        "eligible_positions": [
          "G",
        ],
        "injury_status": "Healthy",
        "is_editable": false,
        "is_playing": true,
        "is_starting": "N/A",
        "is_undroppable": false,
        "percent_owned": 5,
        "percent_owned_delta": 2,
        "percent_started": 3,
        "player_key": "419.p.7569",
        "player_name": "Ukko-Pekka Luukkonen",
        "ranks": {
          "last14Days": 241,
          "last30Days": 523,
          "last4Weeks": -1,
          "next4Weeks": -1,
          "next7Days": 229,
          "projectedWeek": -1,
          "restOfSeason": 203,
        },
        "selected_position": "G",
      },
      {
        "eligible_positions": [
          "G",
        ],
        "injury_status": "Healthy",
        "is_editable": true,
        "is_playing": false,
        "is_starting": "N/A",
        "is_undroppable": false,
        "percent_owned": 2,
        "percent_owned_delta": -2,
        "percent_started": 1,
        "player_key": "419.p.6817",
        "player_name": "Daniel Vladar",
        "ranks": {
          "last14Days": 2026,
          "last30Days": 701,
          "last4Weeks": -1,
          "next4Weeks": -1,
          "next7Days": 139,
          "projectedWeek": -1,
          "restOfSeason": 172,
        },
        "selected_position": "G",
      },
      {
        "eligible_positions": [
          "LW",
        ],
        "injury_status": "Healthy",
        "is_editable": true,
        "is_playing": false,
        "is_starting": "N/A",
        "is_undroppable": false,
        "percent_owned": 10,
        "percent_owned_delta": 2,
        "percent_started": 7,
        "player_key": "419.p.4965",
        "player_name": "Nino Niederreiter",
        "ranks": {
          "last14Days": 72,
          "last30Days": 132,
          "last4Weeks": -1,
          "next4Weeks": -1,
          "next7Days": 88,
          "projectedWeek": -1,
          "restOfSeason": 135,
        },
        "selected_position": "IR",
      },
    ],
    "roster_positions": {
      "BN": 4,
      "C": 2,
      "D": 4,
      "G": 2,
      "IR": 2,
      "LW": 2,
      "RW": 2,
    },
    "scoring_type": "head",
    "start_date": 1665990000000,
    "team_key": "419.l.91560.t.5",
    "team_name": "Jeff's Okay Team",
    "transactions": [],
    "waiver_rule": "continuous",
    "weekly_deadline": "intraday",
  },
  {
    "coverage_period": "2023-03-17",
    "coverage_type": "date",
    "current_season_adds": 7,
    "current_weekly_adds": 0,
    "edit_key": "2023-03-17",
    "end_date": 1681541999999,
    "faab_balance": 99,
    "game_code": "nhl",
    "league_name": "Yahoo Public 91564",
    "max_season_adds": -1,
    "max_weekly_adds": 4,
    "num_teams": 12,
    "players": [
      {
        "eligible_positions": [
          "C",
        ],
        "injury_status": "Healthy",
        "is_editable": true,
        "is_playing": false,
        "is_starting": "N/A",
        "is_undroppable": false,
        "percent_owned": 98,
        "percent_owned_delta": -1,
        "percent_started": 78,
        "player_key": "419.p.5367",
        "player_name": "Mika Zibanejad",
        "ranks": {
          "last14Days": 242,
          "last30Days": 34,
          "last4Weeks": -1,
          "next4Weeks": -1,
          "next7Days": 26,
          "projectedWeek": -1,
          "restOfSeason": 17,
        },
        "selected_position": "C",
      },
      {
        "eligible_positions": [
          "C",
        ],
        "injury_status": "Healthy",
        "is_editable": false,
        "is_playing": true,
        "is_starting": "N/A",
        "is_undroppable": false,
        "percent_owned": 24,
        "percent_owned_delta": -1,
        "percent_started": 19,
        "player_key": "419.p.4986",
        "player_name": "Evgeny Kuznetsov",
        "ranks": {
          "last14Days": 624,
          "last30Days": 492,
          "last4Weeks": -1,
          "next4Weeks": -1,
          "next7Days": 164,
          "projectedWeek": -1,
          "restOfSeason": 150,
        },
        "selected_position": "C",
      },
      {
        "eligible_positions": [
          "LW",
        ],
        "injury_status": "Healthy",
        "is_editable": false,
        "is_playing": true,
        "is_starting": "N/A",
        "is_undroppable": false,
        "percent_owned": 56,
        "percent_owned_delta": 2,
        "percent_started": 53,
        "player_key": "419.p.5470",
        "player_name": "Johnny Gaudreau",
        "ranks": {
          "last14Days": 163,
          "last30Days": 327,
          "last4Weeks": -1,
          "next4Weeks": -1,
          "next7Days": 68,
          "projectedWeek": -1,
          "restOfSeason": 46,
        },
        "selected_position": "LW",
      },
      {
        "eligible_positions": [
          "LW",
        ],
        "injury_status": "Healthy",
        "is_editable": false,
        "is_playing": true,
        "is_starting": "N/A",
        "is_undroppable": false,
        "percent_owned": 21,
        "percent_owned_delta": -1,
        "percent_started": 17,
        "player_key": "419.p.6485",
        "player_name": "Michael Bunting",
        "ranks": {
          "last14Days": 564,
          "last30Days": 334,
          "last4Weeks": -1,
          "next4Weeks": -1,
          "next7Days": 217,
          "projectedWeek": -1,
          "restOfSeason": 83,
        },
        "selected_position": "LW",
      },
      {
        "eligible_positions": [
          "RW",
        ],
        "injury_status": "Healthy",
        "is_editable": true,
        "is_playing": false,
        "is_starting": "N/A",
        "is_undroppable": false,
        "percent_owned": 34,
        "percent_owned_delta": -2,
        "percent_started": 25,
        "player_key": "419.p.4683",
        "player_name": "Matt Duchene",
        "ranks": {
          "last14Days": 354,
          "last30Days": 116,
          "last4Weeks": -1,
          "next4Weeks": -1,
          "next7Days": 34,
          "projectedWeek": -1,
          "restOfSeason": 26,
        },
        "selected_position": "RW",
      },
      {
        "eligible_positions": [
          "RW",
        ],
        "injury_status": "Healthy",
        "is_editable": true,
        "is_playing": false,
        "is_starting": "N/A",
        "is_undroppable": false,
        "percent_owned": 75,
        "percent_owned_delta": -1,
        "percent_started": 19,
        "player_key": "419.p.4921",
        "player_name": "Mats Zuccarello",
        "ranks": {
          "last14Days": 137,
          "last30Days": 69,
          "last4Weeks": -1,
          "next4Weeks": -1,
          "next7Days": 138,
          "projectedWeek": -1,
          "restOfSeason": 81,
        },
        "selected_position": "RW",
      },
      {
        "eligible_positions": [
          "D",
        ],
        "injury_status": "Healthy",
        "is_editable": true,
        "is_playing": false,
        "is_starting": "N/A",
        "is_undroppable": false,
        "percent_owned": 29,
        "percent_owned_delta": -4,
        "percent_started": 25,
        "player_key": "419.p.5983",
        "player_name": "Seth Jones",
        "ranks": {
          "last14Days": 174,
          "last30Days": 117,
          "last4Weeks": -1,
          "next4Weeks": -1,
          "next7Days": 247,
          "projectedWeek": -1,
          "restOfSeason": 216,
        },
        "selected_position": "D",
      },
      {
        "eligible_positions": [
          "D",
        ],
        "injury_status": "Healthy",
        "is_editable": false,
        "is_playing": true,
        "is_starting": "N/A",
        "is_undroppable": false,
        "percent_owned": 2,
        "percent_owned_delta": -1,
        "percent_started": 1,
        "player_key": "419.p.5987",
        "player_name": "Rasmus Ristolainen",
        "ranks": {
          "last14Days": 405,
          "last30Days": 580,
          "last4Weeks": -1,
          "next4Weeks": -1,
          "next7Days": 314,
          "projectedWeek": -1,
          "restOfSeason": 289,
        },
        "selected_position": "D",
      },
      {
        "eligible_positions": [
          "D",
        ],
        "injury_status": "Healthy",
        "is_editable": true,
        "is_playing": false,
        "is_starting": "N/A",
        "is_undroppable": false,
        "percent_owned": 8,
        "percent_owned_delta": -1,
        "percent_started": 7,
        "player_key": "419.p.7920",
        "player_name": "K'Andre Miller",
        "ranks": {
          "last14Days": 411,
          "last30Days": 547,
          "last4Weeks": -1,
          "next4Weeks": -1,
          "next7Days": 218,
          "projectedWeek": -1,
          "restOfSeason": 295,
        },
        "selected_position": "D",
      },
      {
        "eligible_positions": [
          "D",
        ],
        "injury_status": "Healthy",
        "is_editable": true,
        "is_playing": false,
        "is_starting": "N/A",
        "is_undroppable": false,
        "percent_owned": 99,
        "percent_owned_delta": -1,
        "percent_started": 91,
        "player_key": "419.p.7519",
        "player_name": "Cale Makar",
        "ranks": {
          "last14Days": 3,
          "last30Days": 86,
          "last4Weeks": -1,
          "next4Weeks": -1,
          "next7Days": 8,
          "projectedWeek": -1,
          "restOfSeason": 19,
        },
        "selected_position": "D",
      },
      {
        "eligible_positions": [
          "C",
        ],
        "injury_status": "Healthy",
        "is_editable": true,
        "is_playing": false,
        "is_starting": "N/A",
        "is_undroppable": false,
        "percent_owned": 77,
        "percent_owned_delta": -3,
        "percent_started": 14,
        "player_key": "419.p.5988",
        "player_name": "Bo Horvat",
        "ranks": {
          "last14Days": 538,
          "last30Days": 410,
          "last4Weeks": -1,
          "next4Weeks": -1,
          "next7Days": 304,
          "projectedWeek": -1,
          "restOfSeason": 115,
        },
        "selected_position": "BN",
      },
      {
        "eligible_positions": [
          "LW",
        ],
        "injury_status": "Healthy",
        "is_editable": true,
        "is_playing": false,
        "is_starting": "N/A",
        "is_undroppable": false,
        "percent_owned": 97,
        "percent_owned_delta": -1,
        "percent_started": 78,
        "player_key": "419.p.7554",
        "player_name": "Jason Robertson",
        "ranks": {
          "last14Days": 17,
          "last30Days": 55,
          "last4Weeks": -1,
          "next4Weeks": -1,
          "next7Days": 93,
          "projectedWeek": -1,
          "restOfSeason": 60,
        },
        "selected_position": "BN",
      },
      {
        "eligible_positions": [
          "LW",
          "RW",
        ],
        "injury_status": "Healthy",
        "is_editable": true,
        "is_playing": false,
        "is_starting": "N/A",
        "is_undroppable": false,
        "percent_owned": 2,
        "percent_owned_delta": -3,
        "percent_started": 2,
        "player_key": "419.p.5441",
        "player_name": "Blake Coleman",
        "ranks": {
          "last14Days": 300,
          "last30Days": 259,
          "last4Weeks": -1,
          "next4Weeks": -1,
          "next7Days": 103,
          "projectedWeek": -1,
          "restOfSeason": 151,
        },
        "selected_position": "BN",
      },
      {
        "eligible_positions": [
          "G",
        ],
        "injury_status": "Healthy",
        "is_editable": true,
        "is_playing": false,
        "is_starting": "N/A",
        "is_undroppable": false,
        "percent_owned": 62,
        "percent_owned_delta": -1,
        "percent_started": 43,
        "player_key": "419.p.7626",
        "player_name": "Jeremy Swayman",
        "ranks": {
          "last14Days": 74,
          "last30Days": 13,
          "last4Weeks": -1,
          "next4Weeks": -1,
          "next7Days": 55,
          "projectedWeek": -1,
          "restOfSeason": 55,
        },
        "selected_position": "G",
      },
      {
        "eligible_positions": [
          "G",
        ],
        "injury_status": "Healthy",
        "is_editable": true,
        "is_playing": false,
        "is_starting": "N/A",
        "is_undroppable": false,
        "percent_owned": 76,
        "percent_owned_delta": -1,
        "percent_started": 50,
        "player_key": "419.p.4901",
        "player_name": "Sergei Bobrovsky",
        "ranks": {
          "last14Days": 167,
          "last30Days": 182,
          "last4Weeks": -1,
          "next4Weeks": -1,
          "next7Days": 32,
          "projectedWeek": -1,
          "restOfSeason": 76,
        },
        "selected_position": "G",
      },
      {
        "eligible_positions": [
          "G",
        ],
        "injury_status": "Healthy",
        "is_editable": true,
        "is_playing": false,
        "is_starting": "N/A",
        "is_undroppable": false,
        "percent_owned": 63,
        "percent_owned_delta": -2,
        "percent_started": 17,
        "player_key": "419.p.7163",
        "player_name": "Filip Gustavsson",
        "ranks": {
          "last14Days": 11,
          "last30Days": 4,
          "last4Weeks": -1,
          "next4Weeks": -1,
          "next7Days": 64,
          "projectedWeek": -1,
          "restOfSeason": 78,
        },
        "selected_position": "BN",
      },
    ],
    "roster_positions": {
      "BN": 4,
      "C": 2,
      "D": 4,
      "G": 2,
      "IR": 2,
      "LW": 2,
      "RW": 2,
    },
    "scoring_type": "head",
    "start_date": 1665990000000,
    "team_key": "419.l.91564.t.11",
    "team_name": "Jeff's Peerless Team",
    "transactions": [],
    "waiver_rule": "continuous",
    "weekly_deadline": "intraday",
  },
  {
    "coverage_period": "2023-03-17",
    "coverage_type": "date",
    "current_season_adds": 2,
    "current_weekly_adds": 0,
    "edit_key": "2023-03-17",
    "end_date": 1680505199999,
    "faab_balance": 100,
    "game_code": "nba",
    "league_name": "Yahoo Public 200641",
    "max_season_adds": -1,
    "max_weekly_adds": 4,
    "num_teams": 12,
    "players": [
      {
        "eligible_positions": [
          "PG",
          "G",
          "Util",
        ],
        "injury_status": "Healthy",
        "is_editable": false,
        "is_playing": true,
        "is_starting": "N/A",
        "is_undroppable": false,
        "percent_owned": 48,
        "percent_owned_delta": 3,
        "percent_started": 41,
        "player_key": "418.p.4246",
        "player_name": "Mike Conley",
        "ranks": {
          "last14Days": 99,
          "last30Days": 106,
          "last4Weeks": -1,
          "next4Weeks": -1,
          "next7Days": 58,
          "projectedWeek": -1,
          "restOfSeason": 200,
        },
        "selected_position": "PG",
      },
      {
        "eligible_positions": [
          "PG",
          "SG",
          "G",
          "Util",
        ],
        "injury_status": "Healthy",
        "is_editable": false,
        "is_playing": true,
        "is_starting": "N/A",
        "is_undroppable": false,
        "percent_owned": 98,
        "percent_owned_delta": -1,
        "percent_started": 87,
        "player_key": "418.p.5161",
        "player_name": "CJ McCollum",
        "ranks": {
          "last14Days": 148,
          "last30Days": 135,
          "last4Weeks": -1,
          "next4Weeks": -1,
          "next7Days": 90,
          "projectedWeek": -1,
          "restOfSeason": 74,
        },
        "selected_position": "SG",
      },
      {
        "eligible_positions": [
          "SG",
          "G",
          "SF",
          "F",
          "Util",
        ],
        "injury_status": "Healthy",
        "is_editable": false,
        "is_playing": true,
        "is_starting": "N/A",
        "is_undroppable": false,
        "percent_owned": 94,
        "percent_owned_delta": -1,
        "percent_started": 86,
        "player_key": "418.p.4892",
        "player_name": "Klay Thompson",
        "ranks": {
          "last14Days": 34,
          "last30Days": 14,
          "last4Weeks": -1,
          "next4Weeks": -1,
          "next7Days": 35,
          "projectedWeek": -1,
          "restOfSeason": 87,
        },
        "selected_position": "G",
      },
      {
        "eligible_positions": [
          "SG",
          "G",
          "SF",
          "PF",
          "F",
          "Util",
        ],
        "injury_status": "Healthy",
        "is_editable": true,
        "is_playing": false,
        "is_starting": "N/A",
        "is_undroppable": true,
        "percent_owned": 99,
        "percent_owned_delta": -1,
        "percent_started": 48,
        "player_key": "418.p.4725",
        "player_name": "Paul George",
        "ranks": {
          "last14Days": 43,
          "last30Days": 33,
          "last4Weeks": -1,
          "next4Weeks": -1,
          "next7Days": 45,
          "projectedWeek": -1,
          "restOfSeason": 40,
        },
        "selected_position": "SF",
      },
      {
        "eligible_positions": [
          "PF",
          "F",
          "C",
          "Util",
        ],
        "injury_status": "Healthy",
        "is_editable": true,
        "is_playing": false,
        "is_starting": "N/A",
        "is_undroppable": false,
        "percent_owned": 67,
        "percent_owned_delta": -2,
        "percent_started": 43,
        "player_key": "418.p.5482",
        "player_name": "Bobby Portis",
        "ranks": {
          "last14Days": 82,
          "last30Days": 132,
          "last4Weeks": -1,
          "next4Weeks": -1,
          "next7Days": 135,
          "projectedWeek": -1,
          "restOfSeason": 100,
        },
        "selected_position": "PF",
      },
      {
        "eligible_positions": [
          "SG",
          "G",
          "SF",
          "PF",
          "F",
          "Util",
        ],
        "injury_status": "Healthy",
        "is_editable": true,
        "is_playing": false,
        "is_starting": "N/A",
        "is_undroppable": false,
        "percent_owned": 21,
        "percent_owned_delta": 1,
        "percent_started": 12,
        "player_key": "418.p.6053",
        "player_name": "Bruce Brown",
        "ranks": {
          "last14Days": 126,
          "last30Days": 114,
          "last4Weeks": -1,
          "next4Weeks": -1,
          "next7Days": 97,
          "projectedWeek": -1,
          "restOfSeason": 69,
        },
        "selected_position": "F",
      },
      {
        "eligible_positions": [
          "PF",
          "F",
          "C",
          "Util",
        ],
        "injury_status": "Healthy",
        "is_editable": true,
        "is_playing": false,
        "is_starting": "N/A",
        "is_undroppable": false,
        "percent_owned": 41,
        "percent_owned_delta": 11,
        "percent_started": 23,
        "player_key": "418.p.6703",
        "player_name": "Jalen Duren",
        "ranks": {
          "last14Days": 147,
          "last30Days": 230,
          "last4Weeks": -1,
          "next4Weeks": -1,
          "next7Days": 151,
          "projectedWeek": -1,
          "restOfSeason": 205,
        },
        "selected_position": "C",
      },
      {
        "eligible_positions": [
          "C",
          "Util",
        ],
        "injury_status": "Healthy",
        "is_editable": true,
        "is_playing": false,
        "is_starting": "N/A",
        "is_undroppable": true,
        "percent_owned": 100,
        "percent_owned_delta": -1,
        "percent_started": 72,
        "player_key": "418.p.5352",
        "player_name": "Nikola Jokic",
        "ranks": {
          "last14Days": 4,
          "last30Days": 4,
          "last4Weeks": -1,
          "next4Weeks": -1,
          "next7Days": 2,
          "projectedWeek": -1,
          "restOfSeason": 1,
        },
        "selected_position": "C",
      },
      {
        "eligible_positions": [
          "PG",
          "SG",
          "G",
          "Util",
        ],
        "injury_status": "Healthy",
        "is_editable": false,
        "is_playing": true,
        "is_starting": "N/A",
        "is_undroppable": false,
        "percent_owned": 28,
        "percent_owned_delta": -1,
        "percent_started": 25,
        "player_key": "418.p.6057",
        "player_name": "De'Anthony Melton",
        "ranks": {
          "last14Days": 153,
          "last30Days": 90,
          "last4Weeks": -1,
          "next4Weeks": -1,
          "next7Days": 47,
          "projectedWeek": -1,
          "restOfSeason": 51,
        },
        "selected_position": "Util",
      },
      {
        "eligible_positions": [
          "PG",
          "G",
          "Util",
        ],
        "injury_status": "Healthy",
        "is_editable": false,
        "is_playing": true,
        "is_starting": "N/A",
        "is_undroppable": false,
        "percent_owned": 13,
        "percent_owned_delta": 1,
        "percent_started": 9,
        "player_key": "418.p.5864",
        "player_name": "Monte Morris",
        "ranks": {
          "last14Days": 218,
          "last30Days": 244,
          "last4Weeks": -1,
          "next4Weeks": -1,
          "next7Days": 110,
          "projectedWeek": -1,
          "restOfSeason": 142,
        },
        "selected_position": "Util",
      },
      {
        "eligible_positions": [
          "PF",
          "F",
          "Util",
        ],
        "injury_status": "Out (short-term injury)",
        "is_editable": false,
        "is_playing": true,
        "is_starting": "N/A",
        "is_undroppable": false,
        "percent_owned": 90,
        "percent_owned_delta": -1,
        "percent_started": 72,
        "player_key": "418.p.5350",
        "player_name": "Jerami Grant",
        "ranks": {
          "last14Days": 70,
          "last30Days": 103,
          "last4Weeks": -1,
          "next4Weeks": -1,
          "next7Days": 105,
          "projectedWeek": -1,
          "restOfSeason": 56,
        },
        "selected_position": "BN",
      },
      {
        "eligible_positions": [
          "SF",
          "PF",
          "F",
          "Util",
        ],
        "injury_status": "Healthy",
        "is_editable": true,
        "is_playing": false,
        "is_starting": "N/A",
        "is_undroppable": false,
        "percent_owned": 1,
        "percent_owned_delta": -1,
        "percent_started": 1,
        "player_key": "418.p.5893",
        "player_name": "Torrey Craig",
        "ranks": {
          "last14Days": 196,
          "last30Days": 180,
          "last4Weeks": -1,
          "next4Weeks": -1,
          "next7Days": 184,
          "projectedWeek": -1,
          "restOfSeason": 244,
        },
        "selected_position": "BN",
      },
      {
        "eligible_positions": [
          "SG",
          "G",
          "SF",
          "F",
          "Util",
        ],
        "injury_status": "Healthy",
        "is_editable": true,
        "is_playing": false,
        "is_starting": "N/A",
        "is_undroppable": false,
        "percent_owned": 2,
        "percent_owned_delta": -5,
        "percent_started": 1,
        "player_key": "418.p.6567",
        "player_name": "Quentin Grimes",
        "ranks": {
          "last14Days": 243,
          "last30Days": 211,
          "last4Weeks": -1,
          "next4Weeks": -1,
          "next7Days": 231,
          "projectedWeek": -1,
          "restOfSeason": 238,
        },
        "selected_position": "BN",
      },
      {
        "eligible_positions": [
          "C",
          "Util",
          "IL",
        ],
        "injury_status": "Injured (IL-eligible)",
        "is_editable": false,
        "is_playing": true,
        "is_starting": "N/A",
        "is_undroppable": false,
        "percent_owned": 94,
        "percent_owned_delta": -2,
        "percent_started": 36,
        "player_key": "418.p.5835",
        "player_name": "Jarrett Allen",
        "ranks": {
          "last14Days": 146,
          "last30Days": 61,
          "last4Weeks": -1,
          "next4Weeks": -1,
          "next7Days": 243,
          "projectedWeek": -1,
          "restOfSeason": 30,
        },
        "selected_position": "IL",
      },
      {
        "eligible_positions": [
          "PF",
          "F",
          "C",
          "Util",
          "IL",
        ],
        "injury_status": "Injured (IL-eligible)",
        "is_editable": false,
        "is_playing": true,
        "is_starting": "N/A",
        "is_undroppable": false,
        "percent_owned": 83,
        "percent_owned_delta": -1,
        "percent_started": 1,
        "player_key": "418.p.5432",
        "player_name": "Karl-Anthony Towns",
        "ranks": {
          "last14Days": 478,
          "last30Days": 507,
          "last4Weeks": -1,
          "next4Weeks": -1,
          "next7Days": 439,
          "projectedWeek": -1,
          "restOfSeason": 7,
        },
        "selected_position": "IL",
      },
    ],
    "roster_positions": {
      "BN": 3,
      "C": 2,
      "F": 1,
      "G": 1,
      "IL": 3,
      "PF": 1,
      "PG": 1,
      "SF": 1,
      "SG": 1,
      "Util": 2,
    },
    "scoring_type": "head",
    "start_date": 1674460800000,
    "team_key": "418.l.200641.t.9",
    "team_name": "Jeff's Fine Team",
    "transactions": [],
    "waiver_rule": "continuous",
    "weekly_deadline": "intraday",
  },
]
`;
